Component: ARM Compiler 5.06 update 7 (build 960) Tool: armlink [4d3601]

==============================================================================

Section Cross References

    main.o(i.My_OLEDScreen_Init) refers to oled.o(i.OLED_Init) for OLED_Init
    main.o(i.My_OLEDScreen_Init) refers to main.o(i.i2c_write_bytes) for i2c_write_bytes
    main.o(i.My_OLEDScreen_Init) refers to main.o(.bss) for oled
    main.o(i.My_SoftwareI2C_Init) refers to si2c.o(i.My_SI2C_Init) for My_SI2C_Init
    main.o(i.My_SoftwareI2C_Init) refers to main.o(.bss) for si2c
    main.o(i.i2c_write_bytes) refers to si2c.o(i.My_SI2C_SendBytes) for My_SI2C_SendBytes
    main.o(i.i2c_write_bytes) refers to main.o(.bss) for si2c
    main.o(i.main) refers to ds18b20.o(i.ds18b20_GPIO_Init) for ds18b20_GPIO_Init
    main.o(i.main) refers to main.o(i.My_SoftwareI2C_Init) for My_SoftwareI2C_Init
    main.o(i.main) refers to main.o(i.My_OLEDScreen_Init) for My_OLEDScreen_Init
    main.o(i.main) refers to w25q64.o(i.W25Q64_SPI_Init) for W25Q64_SPI_Init
    main.o(i.main) refers to w25q64.o(i.LoadTemperature) for LoadTemperature
    main.o(i.main) refers to f2d.o(.text) for __aeabi_f2d
    main.o(i.main) refers to cdcmple.o(.text) for __aeabi_cdcmple
    main.o(i.main) refers to cfrcmple.o(.text) for __aeabi_cfrcmple
    main.o(i.main) refers to oled.o(i.OLED_Clear) for OLED_Clear
    main.o(i.main) refers to oled.o(i.OLED_SetCursor) for OLED_SetCursor
    main.o(i.main) refers to oled.o(i.OLED_Printf) for OLED_Printf
    main.o(i.main) refers to oled.o(i.OLED_SendBuffer) for OLED_SendBuffer
    main.o(i.main) refers to delay.o(i.Delay) for Delay
    main.o(i.main) refers to ds18b20.o(i.ds18b20_GetTemp) for ds18b20_GetTemp
    main.o(i.main) refers to fadd.o(.text) for __aeabi_fsub
    main.o(i.main) refers to cdrcmple.o(.text) for __aeabi_cdrcmple
    main.o(i.main) refers to ffixui.o(.text) for __aeabi_f2uiz
    main.o(i.main) refers to w25q64.o(i.W25Q64_Save4Bytes) for W25Q64_Save4Bytes
    main.o(i.main) refers to main.o(.bss) for oled
    system_stm32f10x.o(i.SetSysClock) refers to system_stm32f10x.o(i.SetSysClockTo72) for SetSysClockTo72
    system_stm32f10x.o(i.SystemCoreClockUpdate) refers to system_stm32f10x.o(.data) for SystemCoreClock
    system_stm32f10x.o(i.SystemInit) refers to system_stm32f10x.o(i.SetSysClock) for SetSysClock
    stm32f10x_it.o(i.SysTick_Handler) refers to delay.o(.data) for ulTicks
    startup_stm32f10x_md.o(RESET) refers to startup_stm32f10x_md.o(STACK) for __initial_sp
    startup_stm32f10x_md.o(RESET) refers to startup_stm32f10x_md.o(.text) for Reset_Handler
    startup_stm32f10x_md.o(RESET) refers to stm32f10x_it.o(i.NMI_Handler) for NMI_Handler
    startup_stm32f10x_md.o(RESET) refers to stm32f10x_it.o(i.HardFault_Handler) for HardFault_Handler
    startup_stm32f10x_md.o(RESET) refers to stm32f10x_it.o(i.MemManage_Handler) for MemManage_Handler
    startup_stm32f10x_md.o(RESET) refers to stm32f10x_it.o(i.BusFault_Handler) for BusFault_Handler
    startup_stm32f10x_md.o(RESET) refers to stm32f10x_it.o(i.UsageFault_Handler) for UsageFault_Handler
    startup_stm32f10x_md.o(RESET) refers to stm32f10x_it.o(i.SVC_Handler) for SVC_Handler
    startup_stm32f10x_md.o(RESET) refers to stm32f10x_it.o(i.DebugMon_Handler) for DebugMon_Handler
    startup_stm32f10x_md.o(RESET) refers to stm32f10x_it.o(i.PendSV_Handler) for PendSV_Handler
    startup_stm32f10x_md.o(RESET) refers to stm32f10x_it.o(i.SysTick_Handler) for SysTick_Handler
    startup_stm32f10x_md.o(.text) refers to system_stm32f10x.o(i.SystemInit) for SystemInit
    startup_stm32f10x_md.o(.text) refers to entry.o(.ARM.Collect$$$$00000000) for __main
    stm32f10x_adc.o(i.ADC_DeInit) refers to stm32f10x_rcc.o(i.RCC_APB2PeriphResetCmd) for RCC_APB2PeriphResetCmd
    stm32f10x_bkp.o(i.BKP_DeInit) refers to stm32f10x_rcc.o(i.RCC_BackupResetCmd) for RCC_BackupResetCmd
    stm32f10x_can.o(i.CAN_DeInit) refers to stm32f10x_rcc.o(i.RCC_APB1PeriphResetCmd) for RCC_APB1PeriphResetCmd
    stm32f10x_can.o(i.CAN_GetITStatus) refers to stm32f10x_can.o(i.CheckITStatus) for CheckITStatus
    stm32f10x_cec.o(i.CEC_DeInit) refers to stm32f10x_rcc.o(i.RCC_APB1PeriphResetCmd) for RCC_APB1PeriphResetCmd
    stm32f10x_dac.o(i.DAC_DeInit) refers to stm32f10x_rcc.o(i.RCC_APB1PeriphResetCmd) for RCC_APB1PeriphResetCmd
    stm32f10x_flash.o(i.FLASH_EnableWriteProtection) refers to stm32f10x_flash.o(i.FLASH_WaitForLastOperation) for FLASH_WaitForLastOperation
    stm32f10x_flash.o(i.FLASH_EraseAllBank1Pages) refers to stm32f10x_flash.o(i.FLASH_WaitForLastBank1Operation) for FLASH_WaitForLastBank1Operation
    stm32f10x_flash.o(i.FLASH_EraseAllPages) refers to stm32f10x_flash.o(i.FLASH_WaitForLastOperation) for FLASH_WaitForLastOperation
    stm32f10x_flash.o(i.FLASH_EraseOptionBytes) refers to stm32f10x_flash.o(i.FLASH_GetReadOutProtectionStatus) for FLASH_GetReadOutProtectionStatus
[...]
    Removing stm32f10x_rtc.o(i.RTC_GetCounter), (44 bytes).
    Removing stm32f10x_rtc.o(i.RTC_GetDivider), (24 bytes).
    Removing stm32f10x_rtc.o(i.RTC_GetFlagStatus), (24 bytes).
    Removing stm32f10x_rtc.o(i.RTC_GetITStatus), (36 bytes).
    Removing stm32f10x_rtc.o(i.RTC_ITConfig), (32 bytes).
    Removing stm32f10x_rtc.o(i.RTC_SetAlarm), (28 bytes).
    Removing stm32f10x_rtc.o(i.RTC_SetCounter), (28 bytes).
    Removing stm32f10x_rtc.o(i.RTC_SetPrescaler), (32 bytes).
    Removing stm32f10x_rtc.o(i.RTC_WaitForLastTask), (20 bytes).
    Removing stm32f10x_rtc.o(i.RTC_WaitForSynchro), (36 bytes).
    Removing stm32f10x_sdio.o(.rev16_text), (4 bytes).
    Removing stm32f10x_sdio.o(.revsh_text), (4 bytes).
    Removing stm32f10x_sdio.o(.rrx_text), (6 bytes).
    Removing stm32f10x_sdio.o(i.SDIO_CEATAITCmd), (16 bytes).
    Removing stm32f10x_sdio.o(i.SDIO_ClearFlag), (12 bytes).
    Removing stm32f10x_sdio.o(i.SDIO_ClearITPendingBit), (12 bytes).
    Removing stm32f10x_sdio.o(i.SDIO_ClockCmd), (12 bytes).
    Removing stm32f10x_sdio.o(i.SDIO_CmdStructInit), (14 bytes).
    Removing stm32f10x_sdio.o(i.SDIO_CommandCompletionCmd), (12 bytes).
    Removing stm32f10x_sdio.o(i.SDIO_DMACmd), (12 bytes).
    Removing stm32f10x_sdio.o(i.SDIO_DataConfig), (48 bytes).
    Removing stm32f10x_sdio.o(i.SDIO_DataStructInit), (20 bytes).
    Removing stm32f10x_sdio.o(i.SDIO_DeInit), (36 bytes).
    Removing stm32f10x_sdio.o(i.SDIO_GetCommandResponse), (12 bytes).
    Removing stm32f10x_sdio.o(i.SDIO_GetDataCounter), (12 bytes).
    Removing stm32f10x_sdio.o(i.SDIO_GetFIFOCount), (12 bytes).
    Removing stm32f10x_sdio.o(i.SDIO_GetFlagStatus), (24 bytes).
    Removing stm32f10x_sdio.o(i.SDIO_GetITStatus), (24 bytes).
    Removing stm32f10x_sdio.o(i.SDIO_GetPowerState), (16 bytes).
    Removing stm32f10x_sdio.o(i.SDIO_GetResponse), (24 bytes).
    Removing stm32f10x_sdio.o(i.SDIO_ITConfig), (32 bytes).
    Removing stm32f10x_sdio.o(i.SDIO_Init), (48 bytes).
    Removing stm32f10x_sdio.o(i.SDIO_ReadData), (12 bytes).
    Removing stm32f10x_sdio.o(i.SDIO_SendCEATACmd), (12 bytes).
    Removing stm32f10x_sdio.o(i.SDIO_SendCommand), (44 bytes).
    Removing stm32f10x_sdio.o(i.SDIO_SendSDIOSuspendCmd), (12 bytes).
    Removing stm32f10x_sdio.o(i.SDIO_SetPowerState), (12 bytes).
    Removing stm32f10x_sdio.o(i.SDIO_SetSDIOOperation), (12 bytes).
    Removing stm32f10x_sdio.o(i.SDIO_SetSDIOReadWaitMode), (12 bytes).
    Removing stm32f10x_sdio.o(i.SDIO_StartSDIOReadWait), (12 bytes).
    Removing stm32f10x_sdio.o(i.SDIO_StopSDIOReadWait), (12 bytes).
    Removing stm32f10x_sdio.o(i.SDIO_StructInit), (16 bytes).
    Removing stm32f10x_sdio.o(i.SDIO_WriteData), (12 bytes).
    Removing stm32f10x_spi.o(.rev16_text), (4 bytes).
    Removing stm32f10x_spi.o(.revsh_text), (4 bytes).
    Removing stm32f10x_spi.o(.rrx_text), (6 bytes).
    Removing stm32f10x_spi.o(i.I2S_Cmd), (24 bytes).
    Removing stm32f10x_spi.o(i.I2S_Init), (232 bytes).
    Removing stm32f10x_spi.o(i.I2S_StructInit), (20 bytes).
    Removing stm32f10x_spi.o(i.SPI_BiDirectionalLineConfig), (28 bytes).
    Removing stm32f10x_spi.o(i.SPI_CalculateCRC), (24 bytes).
    Removing stm32f10x_spi.o(i.SPI_DataSizeConfig), (18 bytes).
    Removing stm32f10x_spi.o(i.SPI_GetCRC), (16 bytes).
    Removing stm32f10x_spi.o(i.SPI_GetCRCPolynomial), (6 bytes).
    Removing stm32f10x_spi.o(i.SPI_I2S_ClearFlag), (6 bytes).
    Removing stm32f10x_spi.o(i.SPI_I2S_ClearITPendingBit), (20 bytes).
    Removing stm32f10x_spi.o(i.SPI_I2S_DMACmd), (18 bytes).
    Removing stm32f10x_spi.o(i.SPI_I2S_DeInit), (88 bytes).
    Removing stm32f10x_spi.o(i.SPI_I2S_GetITStatus), (52 bytes).
    Removing stm32f10x_spi.o(i.SPI_I2S_ITConfig), (32 bytes).
    Removing stm32f10x_spi.o(i.SPI_SSOutputCmd), (24 bytes).
    Removing stm32f10x_spi.o(i.SPI_StructInit), (24 bytes).
    Removing stm32f10x_spi.o(i.SPI_TransmitCRC), (10 bytes).
    Removing stm32f10x_tim.o(.rev16_text), (4 bytes).
    Removing stm32f10x_tim.o(.revsh_text), (4 bytes).
    Removing stm32f10x_tim.o(.rrx_text), (6 bytes).
    Removing stm32f10x_tim.o(i.TI1_Config), (128 bytes).
    Removing stm32f10x_tim.o(i.TI2_Config), (152 bytes).
    Removing stm32f10x_tim.o(i.TI3_Config), (144 bytes).
    Removing stm32f10x_tim.o(i.TI4_Config), (152 bytes).
    Removing stm32f10x_tim.o(i.TIM_ARRPreloadConfig), (24 bytes).
    Removing stm32f10x_tim.o(i.TIM_BDTRConfig), (32 bytes).
    Removing stm32f10x_tim.o(i.TIM_BDTRStructInit), (18 bytes).
    Removing stm32f10x_tim.o(i.TIM_CCPreloadControl), (24 bytes).
    Removing stm32f10x_tim.o(i.TIM_CCxCmd), (30 bytes).
    Removing stm32f10x_tim.o(i.TIM_CCxNCmd), (30 bytes).
    Removing stm32f10x_tim.o(i.TIM_ClearFlag), (6 bytes).
    Removing stm32f10x_tim.o(i.TIM_ClearITPendingBit), (6 bytes).
    Removing stm32f10x_tim.o(i.TIM_ClearOC1Ref), (18 bytes).
    Removing stm32f10x_tim.o(i.TIM_ClearOC2Ref), (24 bytes).
    Removing stm32f10x_tim.o(i.TIM_ClearOC3Ref), (18 bytes).
    Removing stm32f10x_tim.o(i.TIM_ClearOC4Ref), (24 bytes).
    Removing stm32f10x_tim.o(i.TIM_Cmd), (24 bytes).
    Removing stm32f10x_tim.o(i.TIM_CounterModeConfig), (18 bytes).
    Removing stm32f10x_tim.o(i.TIM_CtrlPWMOutputs), (30 bytes).
    Removing stm32f10x_tim.o(i.TIM_DMACmd), (18 bytes).
    Removing stm32f10x_tim.o(i.TIM_DMAConfig), (10 bytes).
    Removing stm32f10x_tim.o(i.TIM_DeInit), (488 bytes).
    Removing stm32f10x_tim.o(i.TIM_ETRClockMode1Config), (54 bytes).
    Removing stm32f10x_tim.o(i.TIM_ETRClockMode2Config), (32 bytes).
    Removing stm32f10x_tim.o(i.TIM_ETRConfig), (28 bytes).
    Removing stm32f10x_tim.o(i.TIM_EncoderInterfaceConfig), (66 bytes).
    Removing stm32f10x_tim.o(i.TIM_ForcedOC1Config), (18 bytes).
    Removing stm32f10x_tim.o(i.TIM_ForcedOC2Config), (26 bytes).
    Removing stm32f10x_tim.o(i.TIM_ForcedOC3Config), (18 bytes).
    Removing stm32f10x_tim.o(i.TIM_ForcedOC4Config), (26 bytes).
    Removing stm32f10x_tim.o(i.TIM_GenerateEvent), (4 bytes).
    Removing stm32f10x_tim.o(i.TIM_GetCapture1), (6 bytes).
    Removing stm32f10x_tim.o(i.TIM_GetCapture2), (6 bytes).
    Removing stm32f10x_tim.o(i.TIM_GetCapture3), (6 bytes).
    Removing stm32f10x_tim.o(i.TIM_GetCapture4), (8 bytes).
    Removing stm32f10x_tim.o(i.TIM_GetCounter), (6 bytes).
    Removing stm32f10x_tim.o(i.TIM_GetFlagStatus), (18 bytes).
    Removing stm32f10x_tim.o(i.TIM_GetITStatus), (34 bytes).
    Removing stm32f10x_tim.o(i.TIM_GetPrescaler), (6 bytes).
    Removing stm32f10x_tim.o(i.TIM_ICInit), (172 bytes).
    Removing stm32f10x_tim.o(i.TIM_ICStructInit), (18 bytes).
    Removing stm32f10x_tim.o(i.TIM_ITConfig), (18 bytes).
    Removing stm32f10x_tim.o(i.TIM_ITRxExternalClockConfig), (24 bytes).
    Removing stm32f10x_tim.o(i.TIM_InternalClockConfig), (12 bytes).
    Removing stm32f10x_tim.o(i.TIM_OC1FastConfig), (18 bytes).
    Removing stm32f10x_tim.o(i.TIM_OC1Init), (152 bytes).
    Removing stm32f10x_tim.o(i.TIM_OC1NPolarityConfig), (18 bytes).
    Removing stm32f10x_tim.o(i.TIM_OC1PolarityConfig), (18 bytes).
    Removing stm32f10x_tim.o(i.TIM_OC1PreloadConfig), (18 bytes).
    Removing stm32f10x_tim.o(i.TIM_OC2FastConfig), (26 bytes).
    Removing stm32f10x_tim.o(i.TIM_OC2Init), (164 bytes).
    Removing stm32f10x_tim.o(i.TIM_OC2NPolarityConfig), (26 bytes).
    Removing stm32f10x_tim.o(i.TIM_OC2PolarityConfig), (26 bytes).
    Removing stm32f10x_tim.o(i.TIM_OC2PreloadConfig), (26 bytes).
    Removing stm32f10x_tim.o(i.TIM_OC3FastConfig), (18 bytes).
    Removing stm32f10x_tim.o(i.TIM_OC3Init), (160 bytes).
    Removing stm32f10x_tim.o(i.TIM_OC3NPolarityConfig), (26 bytes).
    Removing stm32f10x_tim.o(i.TIM_OC3PolarityConfig), (26 bytes).
    Removing stm32f10x_tim.o(i.TIM_OC3PreloadConfig), (18 bytes).
    Removing stm32f10x_tim.o(i.TIM_OC4FastConfig), (26 bytes).
    Removing stm32f10x_tim.o(i.TIM_OC4Init), (124 bytes).
    Removing stm32f10x_tim.o(i.TIM_OC4PolarityConfig), (26 bytes).
    Removing stm32f10x_tim.o(i.TIM_OC4PreloadConfig), (26 bytes).
    Removing stm32f10x_tim.o(i.TIM_OCStructInit), (20 bytes).
    Removing stm32f10x_tim.o(i.TIM_PWMIConfig), (124 bytes).
    Removing stm32f10x_tim.o(i.TIM_PrescalerConfig), (6 bytes).
    Removing stm32f10x_tim.o(i.TIM_SelectCCDMA), (24 bytes).
    Removing stm32f10x_tim.o(i.TIM_SelectCOM), (24 bytes).
    Removing stm32f10x_tim.o(i.TIM_SelectHallSensor), (24 bytes).
    Removing stm32f10x_tim.o(i.TIM_SelectInputTrigger), (18 bytes).
    Removing stm32f10x_tim.o(i.TIM_SelectMasterSlaveMode), (18 bytes).
    Removing stm32f10x_tim.o(i.TIM_SelectOCxM), (82 bytes).
    Removing stm32f10x_tim.o(i.TIM_SelectOnePulseMode), (18 bytes).
    Removing stm32f10x_tim.o(i.TIM_SelectOutputTrigger), (18 bytes).
    Removing stm32f10x_tim.o(i.TIM_SelectSlaveMode), (18 bytes).
    Removing stm32f10x_tim.o(i.TIM_SetAutoreload), (4 bytes).
    Removing stm32f10x_tim.o(i.TIM_SetClockDivision), (18 bytes).
    Removing stm32f10x_tim.o(i.TIM_SetCompare1), (4 bytes).
    Removing stm32f10x_tim.o(i.TIM_SetCompare2), (4 bytes).
    Removing stm32f10x_tim.o(i.TIM_SetCompare3), (4 bytes).
    Removing stm32f10x_tim.o(i.TIM_SetCompare4), (6 bytes).
    Removing stm32f10x_tim.o(i.TIM_SetCounter), (4 bytes).
    Removing stm32f10x_tim.o(i.TIM_SetIC1Prescaler), (18 bytes).
    Removing stm32f10x_tim.o(i.TIM_SetIC2Prescaler), (26 bytes).
    Removing stm32f10x_tim.o(i.TIM_SetIC3Prescaler), (18 bytes).
    Removing stm32f10x_tim.o(i.TIM_SetIC4Prescaler), (26 bytes).
    Removing stm32f10x_tim.o(i.TIM_TIxExternalClockConfig), (62 bytes).
    Removing stm32f10x_tim.o(i.TIM_TimeBaseInit), (164 bytes).
    Removing stm32f10x_tim.o(i.TIM_TimeBaseStructInit), (18 bytes).
    Removing stm32f10x_tim.o(i.TIM_UpdateDisableConfig), (24 bytes).
    Removing stm32f10x_tim.o(i.TIM_UpdateRequestConfig), (24 bytes).
    Removing stm32f10x_usart.o(.rev16_text), (4 bytes).
    Removing stm32f10x_usart.o(.revsh_text), (4 bytes).
    Removing stm32f10x_usart.o(.rrx_text), (6 bytes).
    Removing stm32f10x_usart.o(i.USART_ClearFlag), (18 bytes).
    Removing stm32f10x_usart.o(i.USART_ClearITPendingBit), (30 bytes).
    Removing stm32f10x_usart.o(i.USART_ClockInit), (34 bytes).
    Removing stm32f10x_usart.o(i.USART_ClockStructInit), (12 bytes).
    Removing stm32f10x_usart.o(i.USART_Cmd), (24 bytes).
    Removing stm32f10x_usart.o(i.USART_DMACmd), (18 bytes).
    Removing stm32f10x_usart.o(i.USART_DeInit), (156 bytes).
    Removing stm32f10x_usart.o(i.USART_GetFlagStatus), (26 bytes).
    Removing stm32f10x_usart.o(i.USART_GetITStatus), (84 bytes).
    Removing stm32f10x_usart.o(i.USART_HalfDuplexCmd), (24 bytes).
    Removing stm32f10x_usart.o(i.USART_ITConfig), (74 bytes).
    Removing stm32f10x_usart.o(i.USART_Init), (216 bytes).
    Removing stm32f10x_usart.o(i.USART_IrDACmd), (24 bytes).
    Removing stm32f10x_usart.o(i.USART_IrDAConfig), (18 bytes).
    Removing stm32f10x_usart.o(i.USART_LINBreakDetectLengthConfig), (18 bytes).
    Removing stm32f10x_usart.o(i.USART_LINCmd), (24 bytes).
    Removing stm32f10x_usart.o(i.USART_OneBitMethodCmd), (24 bytes).
    Removing stm32f10x_usart.o(i.USART_OverSampling8Cmd), (22 bytes).
    Removing stm32f10x_usart.o(i.USART_ReceiveData), (10 bytes).
    Removing stm32f10x_usart.o(i.USART_ReceiverWakeUpCmd), (24 bytes).
    Removing stm32f10x_usart.o(i.USART_SendBreak), (10 bytes).
    Removing stm32f10x_usart.o(i.USART_SendData), (8 bytes).
    Removing stm32f10x_usart.o(i.USART_SetAddress), (18 bytes).
    Removing stm32f10x_usart.o(i.USART_SetGuardTime), (16 bytes).
    Removing stm32f10x_usart.o(i.USART_SetPrescaler), (16 bytes).
    Removing stm32f10x_usart.o(i.USART_SmartCardCmd), (24 bytes).
    Removing stm32f10x_usart.o(i.USART_SmartCardNACKCmd), (24 bytes).
    Removing stm32f10x_usart.o(i.USART_StructInit), (24 bytes).
    Removing stm32f10x_usart.o(i.USART_WakeUpConfig), (18 bytes).
    Removing stm32f10x_wwdg.o(.rev16_text), (4 bytes).
    Removing stm32f10x_wwdg.o(.revsh_text), (4 bytes).
    Removing stm32f10x_wwdg.o(.rrx_text), (6 bytes).
    Removing stm32f10x_wwdg.o(i.WWDG_ClearFlag), (12 bytes).
    Removing stm32f10x_wwdg.o(i.WWDG_DeInit), (22 bytes).
    Removing stm32f10x_wwdg.o(i.WWDG_Enable), (16 bytes).
    Removing stm32f10x_wwdg.o(i.WWDG_EnableIT), (12 bytes).
    Removing stm32f10x_wwdg.o(i.WWDG_GetFlagStatus), (12 bytes).
    Removing stm32f10x_wwdg.o(i.WWDG_SetCounter), (16 bytes).
    Removing stm32f10x_wwdg.o(i.WWDG_SetPrescaler), (24 bytes).
    Removing stm32f10x_wwdg.o(i.WWDG_SetWindowValue), (40 bytes).
    Removing delay.o(.rev16_text), (4 bytes).
    Removing delay.o(.revsh_text), (4 bytes).
    Removing delay.o(.rrx_text), (6 bytes).
    Removing delay.o(i.GetTick), (16 bytes).
    Removing usart.o(.rev16_text), (4 bytes).
    Removing usart.o(.revsh_text), (4 bytes).
    Removing usart.o(.rrx_text), (6 bytes).
    Removing usart.o(i.My_USART_Printf), (42 bytes).
    Removing usart.o(i.My_USART_ReceiveByte), (28 bytes).
    Removing usart.o(i.My_USART_ReceiveBytes), (86 bytes).
    Removing usart.o(i.My_USART_ReceiveLine), (196 bytes).
    Removing usart.o(i.My_USART_SendByte), (16 bytes).
    Removing usart.o(i.My_USART_SendBytes), (68 bytes).
    Removing usart.o(i.My_USART_SendChar), (16 bytes).
    Removing usart.o(i.My_USART_SendString), (26 bytes).
    Removing i2c.o(.rev16_text), (4 bytes).
    Removing i2c.o(.revsh_text), (4 bytes).
    Removing i2c.o(.rrx_text), (6 bytes).
    Removing i2c.o(i.My_I2C_ReceiveBytes), (316 bytes).
    Removing i2c.o(i.My_I2C_SendBytes), (272 bytes).
    Removing si2c.o(.rev16_text), (4 bytes).
    Removing si2c.o(.revsh_text), (4 bytes).
    Removing si2c.o(.rrx_text), (6 bytes).
    Removing si2c.o(i.My_SI2C_ReceiveBytes), (120 bytes).
    Removing si2c.o(i.ReceiveByte), (136 bytes).
    Removing oled.o(.rev16_text), (4 bytes).
    Removing oled.o(.revsh_text), (4 bytes).
    Removing oled.o(.rrx_text), (6 bytes).
    Removing oled.o(i.DrawCircleFrame), (322 bytes).
    Removing oled.o(i.DrawRectFrame), (232 bytes).
    Removing oled.o(i.FillCircle), (162 bytes).
    Removing oled.o(i.GetGlyphWidth), (52 bytes).
    Removing oled.o(i.OLED_DrawBitmap), (36 bytes).
    Removing oled.o(i.OLED_DrawCircle), (52 bytes).
    Removing oled.o(i.OLED_DrawDot), (20 bytes).
    Removing oled.o(i.OLED_DrawLine), (448 bytes).
    Removing oled.o(i.OLED_DrawRect), (54 bytes).
    Removing oled.o(i.OLED_EndSendBuffer), (72 bytes).
    Removing oled.o(i.OLED_GetCursor), (10 bytes).
    Removing oled.o(i.OLED_GetCursorX), (8 bytes).
    Removing oled.o(i.OLED_GetCursorY), (8 bytes).
    Removing oled.o(i.OLED_GetFontHeight), (8 bytes).
    Removing oled.o(i.OLED_GetScreenHeight), (6 bytes).
    Removing oled.o(i.OLED_GetScreenWidth), (6 bytes).
    Removing oled.o(i.OLED_GetStrWidth), (340 bytes).
    Removing oled.o(i.OLED_LineTo), (24 bytes).
    Removing oled.o(i.OLED_MoveCursor), (18 bytes).
    Removing oled.o(i.OLED_MoveCursorX), (10 bytes).
    Removing oled.o(i.OLED_MoveCursorY), (10 bytes).
    Removing oled.o(i.OLED_SetBrush), (4 bytes).
    Removing oled.o(i.OLED_SetCursorX), (4 bytes).
    Removing oled.o(i.OLED_SetCursorY), (4 bytes).
    Removing oled.o(i.OLED_SetFont), (4 bytes).
    Removing oled.o(i.OLED_SetPen), (6 bytes).
    Removing oled.o(i.OLED_StartClipRegion), (14 bytes).
    Removing oled.o(i.OLED_StartSendBuffer), (100 bytes).
    Removing oled.o(i.OLED_StartTextRegion), (32 bytes).
    Removing oled.o(i.OLED_StopClipRegion), (12 bytes).
    Removing oled.o(i.OLED_StopTextRegion), (12 bytes).
    Removing button.o(.rev16_text), (4 bytes).
    Removing button.o(.revsh_text), (4 bytes).
    Removing button.o(.rrx_text), (6 bytes).
    Removing button.o(i.GPIOClockCmd), (96 bytes).
    Removing button.o(i.MyButton_GetState), (8 bytes).
    Removing button.o(i.My_Button_Init), (118 bytes).
    Removing button.o(i.My_Button_Proc), (128 bytes).
    Removing button.o(i.OnButtonEveryPolled), (148 bytes).
    Removing button.o(i.OnButtonPressed), (20 bytes).
    Removing button.o(i.OnButtonReleased), (56 bytes).
    Removing spi.o(.rev16_text), (4 bytes).
    Removing spi.o(.revsh_text), (4 bytes).
    Removing spi.o(.rrx_text), (6 bytes).
    Removing ds18b20.o(.rev16_text), (4 bytes).
    Removing ds18b20.o(.revsh_text), (4 bytes).
    Removing ds18b20.o(.rrx_text), (6 bytes).
    Removing w25q64.o(.rev16_text), (4 bytes).
    Removing w25q64.o(.revsh_text), (4 bytes).
    Removing w25q64.o(.rrx_text), (6 bytes).
    Removing dflti.o(.text), (34 bytes).
    Removing dfixi.o(.text), (62 bytes).
    Removing drnd.o(.text), (136 bytes).

620 unused section(s) (total 23380 bytes) removed from the image.

==============================================================================

Image Symbol Table

    Local Symbols

    Symbol Name                              Value     Ov Type        Size  Object(Section)

    ../clib/microlib/division.c              0x00000000   Number         0  uidiv.o ABSOLUTE
    ../clib/microlib/division.c              0x00000000   Number         0  uldiv.o ABSOLUTE
    ../clib/microlib/init/entry.s            0x00000000   Number         0  entry12a.o ABSOLUTE
    ../clib/microlib/init/entry.s            0x00000000   Number         0  entry11b.o ABSOLUTE
    ../clib/microlib/init/entry.s            0x00000000   Number         0  entry2.o ABSOLUTE
    ../clib/microlib/init/entry.s            0x00000000   Number         0  entry9a.o ABSOLUTE
    ../clib/microlib/init/entry.s            0x00000000   Number         0  entry11a.o ABSOLUTE
    ../clib/microlib/init/entry.s            0x00000000   Number         0  entry8b.o ABSOLUTE
    ../clib/microlib/init/entry.s            0x00000000   Number         0  entry.o ABSOLUTE
    ../clib/microlib/init/entry.s            0x00000000   Number         0  entry5.o ABSOLUTE
    ../clib/microlib/init/entry.s            0x00000000   Number         0  entry7a.o ABSOLUTE
    ../clib/microlib/init/entry.s            0x00000000   Number         0  entry7b.o ABSOLUTE
    ../clib/microlib/init/entry.s            0x00000000   Number         0  entry8a.o ABSOLUTE
    ../clib/microlib/init/entry.s            0x00000000   Number         0  entry9b.o ABSOLUTE
    ../clib/microlib/init/entry.s            0x00000000   Number         0  entry10b.o ABSOLUTE
    ../clib/microlib/init/entry.s            0x00000000   Number         0  entry12b.o ABSOLUTE
    ../clib/microlib/init/entry.s            0x00000000   Number         0  entry10a.o ABSOLUTE
    ../clib/microlib/longlong.c              0x00000000   Number         0  llshl.o ABSOLUTE
    ../clib/microlib/longlong.c              0x00000000   Number         0  llushr.o ABSOLUTE
    ../clib/microlib/longlong.c              0x00000000   Number         0  llsshr.o ABSOLUTE
    ../clib/microlib/malloc/malloc.c         0x00000000   Number         0  malloca.o ABSOLUTE
    ../clib/microlib/malloc/malloc.c         0x00000000   Number         0  mallocr.o ABSOLUTE
    ../clib/microlib/malloc/malloc.c         0x00000000   Number         0  malloc.o ABSOLUTE
    ../clib/microlib/malloc/malloc.c         0x00000000   Number         0  mallocra.o ABSOLUTE
    ../clib/microlib/malloc/mvars.c          0x00000000   Number         0  mvars.o ABSOLUTE
    ../clib/microlib/printf/printf.c         0x00000000   Number         0  printfa.o ABSOLUTE
    ../clib/microlib/stdio/fputc.c           0x00000000   Number         0  fputc.o ABSOLUTE
    ../clib/microlib/stdio/semi.s            0x00000000   Number         0  semi.o ABSOLUTE
    ../clib/microlib/stdio/streams.c         0x00000000   Number         0  stdout.o ABSOLUTE
    ../clib/microlib/string/memcpy.c         0x00000000   Number         0  memcpyb.o ABSOLUTE
    ../clib/microlib/string/memcpy.c         0x00000000   Number         0  memcpya.o ABSOLUTE
    ../clib/microlib/string/memset.c         0x00000000   Number         0  memseta.o ABSOLUTE
    ../clib/microlib/string/strlen.c         0x00000000   Number         0  strlen.o ABSOLUTE
    ../clib/microlib/stubs.s                 0x00000000   Number         0  iusefp.o ABSOLUTE
    ../clib/microlib/stubs.s                 0x00000000   Number         0  iusesemip.o ABSOLUTE
    ../fplib/microlib/d2f.c                  0x00000000   Number         0  d2f.o ABSOLUTE
    ../fplib/microlib/f2d.c                  0x00000000   Number         0  f2d.o ABSOLUTE
    ../fplib/microlib/fpadd.c                0x00000000   Number         0  fadd.o ABSOLUTE
    ../fplib/microlib/fpadd.c                0x00000000   Number         0  dadd.o ABSOLUTE
    ../fplib/microlib/fpdiv.c                0x00000000   Number         0  ddiv.o ABSOLUTE
    ../fplib/microlib/fpepilogue.c           0x00000000   Number         0  depilogue.o ABSOLUTE
    ../fplib/microlib/fpepilogue.c           0x00000000   Number         0  fepilogue.o ABSOLUTE
    ../fplib/microlib/fpfix.c                0x00000000   Number         0  dfixi.o ABSOLUTE
    ../fplib/microlib/fpfix.c                0x00000000   Number         0  dfixui.o ABSOLUTE
    ../fplib/microlib/fpfix.c                0x00000000   Number         0  dfixul.o ABSOLUTE
    ../fplib/microlib/fpfix.c                0x00000000   Number         0  ffixui.o ABSOLUTE
    ../fplib/microlib/fpflt.c                0x00000000   Number         0  ffltui.o ABSOLUTE
    ../fplib/microlib/fpflt.c                0x00000000   Number         0  dfltui.o ABSOLUTE
    ../fplib/microlib/fpflt.c                0x00000000   Number         0  dflti.o ABSOLUTE
    ../fplib/microlib/fpmul.c                0x00000000   Number         0  fmul.o ABSOLUTE
    ../fplib/microlib/fpmul.c                0x00000000   Number         0  dmul.o ABSOLUTE
    ../fplib/microlib/fprnd.c                0x00000000   Number         0  drnd.o ABSOLUTE
    ../mathlib/ceil.c                        0x00000000   Number         0  ceil.o ABSOLUTE
    ../mathlib/round.c                       0x00000000   Number         0  round.o ABSOLUTE
    cdcmple.s                                0x00000000   Number         0  cdcmple.o ABSOLUTE
    cdrcmple.s                               0x00000000   Number         0  cdrcmple.o ABSOLUTE
    cfrcmple.s                               0x00000000   Number         0  cfrcmple.o ABSOLUTE
    dc.s                                     0x00000000   Number         0  dc.o ABSOLUTE
    handlers.s                               0x00000000   Number         0  handlers.o ABSOLUTE
    init.s                                   0x00000000   Number         0  init.o ABSOLUTE
    my_lib\\button.c                         0x00000000   Number         0  button.o ABSOLUTE
    my_lib\\delay.c                          0x00000000   Number         0  delay.o ABSOLUTE
    my_lib\\hardware\\ds18b20.c              0x00000000   Number         0  ds18b20.o ABSOLUTE
    my_lib\\hardware\\w25q64.c               0x00000000   Number         0  w25q64.o ABSOLUTE
    my_lib\\i2c.c                            0x00000000   Number         0  i2c.o ABSOLUTE
    my_lib\\oled.c                           0x00000000   Number         0  oled.o ABSOLUTE
    my_lib\\si2c.c                           0x00000000   Number         0  si2c.o ABSOLUTE
    my_lib\\spi.c                            0x00000000   Number         0  spi.o ABSOLUTE
    my_lib\\usart.c                          0x00000000   Number         0  usart.o ABSOLUTE
    my_lib\button.c                          0x00000000   Number         0  button.o ABSOLUTE
    my_lib\delay.c                           0x00000000   Number         0  delay.o ABSOLUTE
    my_lib\hardware\ds18b20.c                0x00000000   Number         0  ds18b20.o ABSOLUTE
    my_lib\hardware\w25q64.c                 0x00000000   Number         0  w25q64.o ABSOLUTE
    my_lib\i2c.c                             0x00000000   Number         0  i2c.o ABSOLUTE
    my_lib\oled.c                            0x00000000   Number         0  oled.o ABSOLUTE
    my_lib\si2c.c                            0x00000000   Number         0  si2c.o ABSOLUTE
    my_lib\spi.c                             0x00000000   Number         0  spi.o ABSOLUTE
    my_lib\usart.c                           0x00000000   Number         0  usart.o ABSOLUTE
    startup\startup_stm32f10x_md.s           0x00000000   Number         0  startup_stm32f10x_md.o ABSOLUTE
    std_periph_driver\\src\\misc.c           0x00000000   Number         0  misc.o ABSOLUTE
    std_periph_driver\\src\\stm32f10x_adc.c  0x00000000   Number         0  stm32f10x_adc.o ABSOLUTE
    std_periph_driver\\src\\stm32f10x_bkp.c  0x00000000   Number         0  stm32f10x_bkp.o ABSOLUTE
    std_periph_driver\\src\\stm32f10x_can.c  0x00000000   Number         0  stm32f10x_can.o ABSOLUTE
    std_periph_driver\\src\\stm32f10x_cec.c  0x00000000   Number         0  stm32f10x_cec.o ABSOLUTE
    std_periph_driver\\src\\stm32f10x_crc.c  0x00000000   Number         0  stm32f10x_crc.o ABSOLUTE
    std_periph_driver\\src\\stm32f10x_dac.c  0x00000000   Number         0  stm32f10x_dac.o ABSOLUTE
    std_periph_driver\\src\\stm32f10x_dbgmcu.c 0x00000000   Number         0  stm32f10x_dbgmcu.o ABSOLUTE
    std_periph_driver\\src\\stm32f10x_dma.c  0x00000000   Number         0  stm32f10x_dma.o ABSOLUTE
    std_periph_driver\\src\\stm32f10x_exti.c 0x00000000   Number         0  stm32f10x_exti.o ABSOLUTE
    std_periph_driver\\src\\stm32f10x_flash.c 0x00000000   Number         0  stm32f10x_flash.o ABSOLUTE
    std_periph_driver\\src\\stm32f10x_fsmc.c 0x00000000   Number         0  stm32f10x_fsmc.o ABSOLUTE
    std_periph_driver\\src\\stm32f10x_gpio.c 0x00000000   Number         0  stm32f10x_gpio.o ABSOLUTE
    std_periph_driver\\src\\stm32f10x_i2c.c  0x00000000   Number         0  stm32f10x_i2c.o ABSOLUTE
    std_periph_driver\\src\\stm32f10x_iwdg.c 0x00000000   Number         0  stm32f10x_iwdg.o ABSOLUTE
    std_periph_driver\\src\\stm32f10x_pwr.c  0x00000000   Number         0  stm32f10x_pwr.o ABSOLUTE
    std_periph_driver\\src\\stm32f10x_rcc.c  0x00000000   Number         0  stm32f10x_rcc.o ABSOLUTE
    std_periph_driver\\src\\stm32f10x_rtc.c  0x00000000   Number         0  stm32f10x_rtc.o ABSOLUTE
    std_periph_driver\\src\\stm32f10x_sdio.c 0x00000000   Number         0  stm32f10x_sdio.o ABSOLUTE
    std_periph_driver\\src\\stm32f10x_spi.c  0x00000000   Number         0  stm32f10x_spi.o ABSOLUTE
    std_periph_driver\\src\\stm32f10x_tim.c  0x00000000   Number         0  stm32f10x_tim.o ABSOLUTE
    std_periph_driver\\src\\stm32f10x_usart.c 0x00000000   Number         0  stm32f10x_usart.o ABSOLUTE
    std_periph_driver\\src\\stm32f10x_wwdg.c 0x00000000   Number         0  stm32f10x_wwdg.o ABSOLUTE
    std_periph_driver\src\misc.c             0x00000000   Number         0  misc.o ABSOLUTE
    std_periph_driver\src\stm32f10x_adc.c    0x00000000   Number         0  stm32f10x_adc.o ABSOLUTE
    std_periph_driver\src\stm32f10x_bkp.c    0x00000000   Number         0  stm32f10x_bkp.o ABSOLUTE
    std_periph_driver\src\stm32f10x_can.c    0x00000000   Number         0  stm32f10x_can.o ABSOLUTE
    std_periph_driver\src\stm32f10x_cec.c    0x00000000   Number         0  stm32f10x_cec.o ABSOLUTE
    std_periph_driver\src\stm32f10x_crc.c    0x00000000   Number         0  stm32f10x_crc.o ABSOLUTE
    std_periph_driver\src\stm32f10x_dac.c    0x00000000   Number         0  stm32f10x_dac.o ABSOLUTE
    std_periph_driver\src\stm32f10x_dbgmcu.c 0x00000000   Number         0  stm32f10x_dbgmcu.o ABSOLUTE
    std_periph_driver\src\stm32f10x_dma.c    0x00000000   Number         0  stm32f10x_dma.o ABSOLUTE
    std_periph_driver\src\stm32f10x_exti.c   0x00000000   Number         0  stm32f10x_exti.o ABSOLUTE
    std_periph_driver\src\stm32f10x_flash.c  0x00000000   Number         0  stm32f10x_flash.o ABSOLUTE
    std_periph_driver\src\stm32f10x_fsmc.c   0x00000000   Number         0  stm32f10x_fsmc.o ABSOLUTE
    std_periph_driver\src\stm32f10x_gpio.c   0x00000000   Number         0  stm32f10x_gpio.o ABSOLUTE
    std_periph_driver\src\stm32f10x_i2c.c    0x00000000   Number         0  stm32f10x_i2c.o ABSOLUTE
    std_periph_driver\src\stm32f10x_iwdg.c   0x00000000   Number         0  stm32f10x_iwdg.o ABSOLUTE
    std_periph_driver\src\stm32f10x_pwr.c    0x00000000   Number         0  stm32f10x_pwr.o ABSOLUTE
    std_periph_driver\src\stm32f10x_rcc.c    0x00000000   Number         0  stm32f10x_rcc.o ABSOLUTE
    std_periph_driver\src\stm32f10x_rtc.c    0x00000000   Number         0  stm32f10x_rtc.o ABSOLUTE
    std_periph_driver\src\stm32f10x_sdio.c   0x00000000   Number         0  stm32f10x_sdio.o ABSOLUTE
    std_periph_driver\src\stm32f10x_spi.c    0x00000000   Number         0  stm32f10x_spi.o ABSOLUTE
    std_periph_driver\src\stm32f10x_tim.c    0x00000000   Number         0  stm32f10x_tim.o ABSOLUTE
    std_periph_driver\src\stm32f10x_usart.c  0x00000000   Number         0  stm32f10x_usart.o ABSOLUTE
    std_periph_driver\src\stm32f10x_wwdg.c   0x00000000   Number         0  stm32f10x_wwdg.o ABSOLUTE
    user\\main.c                             0x00000000   Number         0  main.o ABSOLUTE
    user\\stm32f10x_it.c                     0x00000000   Number         0  stm32f10x_it.o ABSOLUTE
    user\\system_stm32f10x.c                 0x00000000   Number         0  system_stm32f10x.o ABSOLUTE
    user\main.c                              0x00000000   Number         0  main.o ABSOLUTE
    user\stm32f10x_it.c                      0x00000000   Number         0  stm32f10x_it.o ABSOLUTE
    user\system_stm32f10x.c                  0x00000000   Number         0  system_stm32f10x.o ABSOLUTE
    RESET                                    0x08000000   Section      236  startup_stm32f10x_md.o(RESET)
    .ARM.Collect$$$$00000000                 0x080000ec   Section        0  entry.o(.ARM.Collect$$$$00000000)
    .ARM.Collect$$$$00000001                 0x080000ec   Section        4  entry2.o(.ARM.Collect$$$$00000001)
    .ARM.Collect$$$$00000004                 0x080000f0   Section        4  entry5.o(.ARM.Collect$$$$00000004)
    .ARM.Collect$$$$00000008                 0x080000f4   Section        0  entry7b.o(.ARM.Collect$$$$00000008)
    .ARM.Collect$$$$0000000A                 0x080000f4   Section        0  entry8b.o(.ARM.Collect$$$$0000000A)
    .ARM.Collect$$$$0000000B                 0x080000f4   Section        8  entry9a.o(.ARM.Collect$$$$0000000B)
    .ARM.Collect$$$$0000000E                 0x080000fc   Section        4  entry12b.o(.ARM.Collect$$$$0000000E)
    .ARM.Collect$$$$0000000F                 0x08000100   Section        0  entry10a.o(.ARM.Collect$$$$0000000F)
    .ARM.Collect$$$$00000011                 0x08000100   Section        0  entry11a.o(.ARM.Collect$$$$00000011)
    .ARM.Collect$$$$00002712                 0x08000100   Section        4  entry2.o(.ARM.Collect$$$$00002712)
    __lit__00000000                          0x08000100   Data           4  entry2.o(.ARM.Collect$$$$00002712)
    .text                                    0x08000104   Section       36  startup_stm32f10x_md.o(.text)
    .text                                    0x08000128   Section        0  memseta.o(.text)
    .text                                    0x0800014c   Section        0  fadd.o(.text)
    .text                                    0x080001fc   Section        0  fmul.o(.text)
    .text                                    0x08000260   Section        0  dadd.o(.text)
    .text                                    0x080003ae   Section        0  dmul.o(.text)
    .text                                    0x08000492   Section        0  ddiv.o(.text)
    .text                                    0x08000570   Section        0  ffltui.o(.text)
    .text                                    0x0800057a   Section        0  dfltui.o(.text)
    .text                                    0x08000594   Section        0  ffixui.o(.text)
    .text                                    0x080005bc   Section        0  dfixui.o(.text)
    .text                                    0x080005ee   Section        0  f2d.o(.text)
    .text                                    0x08000614   Section       48  cdcmple.o(.text)
    .text                                    0x08000644   Section       48  cdrcmple.o(.text)
    .text                                    0x08000674   Section        0  d2f.o(.text)
    .text                                    0x080006ac   Section       20  cfrcmple.o(.text)
    .text                                    0x080006c0   Section        0  uidiv.o(.text)
    .text                                    0x080006ec   Section        0  uldiv.o(.text)
    .text                                    0x0800074e   Section        0  llshl.o(.text)
    .text                                    0x0800076c   Section        0  llushr.o(.text)
    .text                                    0x0800078c   Section        0  llsshr.o(.text)
    .text                                    0x080007b0   Section        0  fepilogue.o(.text)
    .text                                    0x080007b0   Section        0  iusefp.o(.text)
    .text                                    0x0800081e   Section        0  depilogue.o(.text)
    .text                                    0x080008d8   Section        0  dfixul.o(.text)
    .text                                    0x08000908   Section       36  init.o(.text)
    i.BrushDot                               0x0800092c   Section        0  oled.o(i.BrushDot)
    BrushDot                                 0x0800092d   Thumb Code   202  oled.o(i.BrushDot)
    i.BusFault_Handler                       0x080009f6   Section        0  stm32f10x_it.o(i.BusFault_Handler)
    i.DebugMon_Handler                       0x080009fa   Section        0  stm32f10x_it.o(i.DebugMon_Handler)
    i.Delay                                  0x080009fc   Section        0  delay.o(i.Delay)
    i.DelayUs                                0x08000a20   Section        0  delay.o(i.DelayUs)
    i.Delay_Init                             0x08000a48   Section        0  delay.o(i.Delay_Init)
    i.DrawBitmapEx                           0x08000b1c   Section        0  oled.o(i.DrawBitmapEx)
    DrawBitmapEx                             0x08000b1d   Thumb Code   180  oled.o(i.DrawBitmapEx)
    i.DrawCharator                           0x08000bd4   Section        0  oled.o(i.DrawCharator)
    DrawCharator                             0x08000bd5   Thumb Code   442  oled.o(i.DrawCharator)
    i.FillRect                               0x08000d8e   Section        0  oled.o(i.FillRect)
    FillRect                                 0x08000d8f   Thumb Code    72  oled.o(i.FillRect)
    i.GPIO_Init                              0x08000dd6   Section        0  stm32f10x_gpio.o(i.GPIO_Init)
    i.GPIO_ReadInputDataBit                  0x08000eec   Section        0  stm32f10x_gpio.o(i.GPIO_ReadInputDataBit)
    i.GPIO_ResetBits                         0x08000efe   Section        0  stm32f10x_gpio.o(i.GPIO_ResetBits)
    i.GPIO_SetBits                           0x08000f02   Section        0  stm32f10x_gpio.o(i.GPIO_SetBits)
    i.GPIO_WriteBit                          0x08000f06   Section        0  stm32f10x_gpio.o(i.GPIO_WriteBit)
    i.GetOverlappedRect                      0x08000f10   Section        0  oled.o(i.GetOverlappedRect)
    GetOverlappedRect                        0x08000f11   Thumb Code   202  oled.o(i.GetOverlappedRect)
    i.GetUs                                  0x08000fdc   Section        0  delay.o(i.GetUs)
    i.HardFault_Handler                      0x08001064   Section        0  stm32f10x_it.o(i.HardFault_Handler)
    i.LoadTemperature                        0x08001068   Section        0  w25q64.o(i.LoadTemperature)
    i.MemManage_Handler                      0x08001094   Section        0  stm32f10x_it.o(i.MemManage_Handler)
    i.My_OLEDScreen_Init                     0x08001098   Section        0  main.o(i.My_OLEDScreen_Init)
    i.My_SI2C_Init                           0x080010b0   Section        0  si2c.o(i.My_SI2C_Init)
    i.My_SI2C_SendBytes                      0x0800119c   Section        0  si2c.o(i.My_SI2C_SendBytes)
    i.My_SoftwareI2C_Init                    0x08001214   Section        0  main.o(i.My_SoftwareI2C_Init)
    i.Myy_SPI_MasterTransmitReceive          0x08001238   Section        0  spi.o(i.Myy_SPI_MasterTransmitReceive)
    i.NMI_Handler                            0x080012ba   Section        0  stm32f10x_it.o(i.NMI_Handler)
    i.OLED_Clear                             0x080012bc   Section        0  oled.o(i.OLED_Clear)
    i.OLED_DrawString                        0x080012cc   Section        0  oled.o(i.OLED_DrawString)
    i.OLED_Init                              0x080013fc   Section        0  oled.o(i.OLED_Init)
    i.OLED_Printf                            0x080015c8   Section        0  oled.o(i.OLED_Printf)
    i.OLED_SendBuffer                        0x080015f2   Section        0  oled.o(i.OLED_SendBuffer)
    i.OLED_SendCommand                       0x08001668   Section        0  oled.o(i.OLED_SendCommand)
    OLED_SendCommand                         0x08001669   Thumb Code    66  oled.o(i.OLED_SendCommand)
    i.OLED_SendData                          0x080016aa   Section        0  oled.o(i.OLED_SendData)
    OLED_SendData                            0x080016ab   Thumb Code    48  oled.o(i.OLED_SendData)
    i.OLED_SetCursor                         0x080016da   Section        0  oled.o(i.OLED_SetCursor)
    i.PenDot                                 0x080016e0   Section        0  oled.o(i.PenDot)
    PenDot                                   0x080016e1   Thumb Code   160  oled.o(i.PenDot)
    i.PendSV_Handler                         0x08001780   Section        0  stm32f10x_it.o(i.PendSV_Handler)
    i.RCC_APB2PeriphClockCmd                 0x08001784   Section        0  stm32f10x_rcc.o(i.RCC_APB2PeriphClockCmd)
    i.RCC_GetClocksFreq                      0x080017a4   Section        0  stm32f10x_rcc.o(i.RCC_GetClocksFreq)
    i.SPI_Cmd                                0x08001878   Section        0  stm32f10x_spi.o(i.SPI_Cmd)
    i.SPI_I2S_GetFlagStatus                  0x08001890   Section        0  stm32f10x_spi.o(i.SPI_I2S_GetFlagStatus)
    i.SPI_I2S_ReceiveData                    0x080018a2   Section        0  stm32f10x_spi.o(i.SPI_I2S_ReceiveData)
    i.SPI_I2S_SendData                       0x080018a8   Section        0  stm32f10x_spi.o(i.SPI_I2S_SendData)
    i.SPI_Init                               0x080018ac   Section        0  stm32f10x_spi.o(i.SPI_Init)
    i.SPI_NSSInternalSoftwareConfig          0x080018e8   Section        0  stm32f10x_spi.o(i.SPI_NSSInternalSoftwareConfig)
    i.SVC_Handler                            0x08001906   Section        0  stm32f10x_it.o(i.SVC_Handler)
    i.SendByte                               0x08001908   Section        0  si2c.o(i.SendByte)
    SendByte                                 0x08001909   Thumb Code   134  si2c.o(i.SendByte)
    i.SendStop                               0x0800198e   Section        0  si2c.o(i.SendStop)
    SendStop                                 0x0800198f   Thumb Code    70  si2c.o(i.SendStop)
    i.SetPinInput                            0x080019d4   Section        0  ds18b20.o(i.SetPinInput)
    i.SetPinOutput                           0x080019f0   Section        0  ds18b20.o(i.SetPinOutput)
    i.SetSysClock                            0x08001a14   Section        0  system_stm32f10x.o(i.SetSysClock)
    SetSysClock                              0x08001a15   Thumb Code     8  system_stm32f10x.o(i.SetSysClock)
    i.SetSysClockTo72                        0x08001a1c   Section        0  system_stm32f10x.o(i.SetSysClockTo72)
    SetSysClockTo72                          0x08001a1d   Thumb Code   214  system_stm32f10x.o(i.SetSysClockTo72)
    i.SysTick_Handler                        0x08001afc   Section        0  stm32f10x_it.o(i.SysTick_Handler)
    i.SystemInit                             0x08001b14   Section        0  system_stm32f10x.o(i.SystemInit)
    i.UsageFault_Handler                     0x08001b74   Section        0  stm32f10x_it.o(i.UsageFault_Handler)
    i.W25Q64_LoadBytes                       0x08001b78   Section        0  w25q64.o(i.W25Q64_LoadBytes)
    i.W25Q64_SPI_Init                        0x08001be4   Section        0  w25q64.o(i.W25Q64_SPI_Init)
    i.W25Q64_Save4Bytes                      0x08001cc8   Section        0  w25q64.o(i.W25Q64_Save4Bytes)
    i.__0vsprintf                            0x08001e38   Section        0  printfa.o(i.__0vsprintf)
    i.__scatterload_copy                     0x08001e5c   Section       14  handlers.o(i.__scatterload_copy)
    i.__scatterload_null                     0x08001e6a   Section        2  handlers.o(i.__scatterload_null)
    i.__scatterload_zeroinit                 0x08001e6c   Section       14  handlers.o(i.__scatterload_zeroinit)
    i._fp_digits                             0x08001e7c   Section        0  printfa.o(i._fp_digits)
    _fp_digits                               0x08001e7d   Thumb Code   366  printfa.o(i._fp_digits)
    i._printf_core                           0x08002000   Section        0  printfa.o(i._printf_core)
    _printf_core                             0x08002001   Thumb Code  1704  printfa.o(i._printf_core)
    i._printf_post_padding                   0x080026b4   Section        0  printfa.o(i._printf_post_padding)
    _printf_post_padding                     0x080026b5   Thumb Code    36  printfa.o(i._printf_post_padding)
    i._printf_pre_padding                    0x080026d8   Section        0  printfa.o(i._printf_pre_padding)
    _printf_pre_padding                      0x080026d9   Thumb Code    46  printfa.o(i._printf_pre_padding)
    i._sputc                                 0x08002706   Section        0  printfa.o(i._sputc)
    _sputc                                   0x08002707   Thumb Code    10  printfa.o(i._sputc)
    i.ceil                                   0x08002710   Section        0  ceil.o(i.ceil)
    i.delay                                  0x080027ec   Section        0  si2c.o(i.delay)
    i.ds18b20_Check                          0x080027fc   Section        0  ds18b20.o(i.ds18b20_Check)
    i.ds18b20_Finish                         0x08002864   Section        0  ds18b20.o(i.ds18b20_Finish)
    i.ds18b20_GPIO_Init                      0x08002874   Section        0  ds18b20.o(i.ds18b20_GPIO_Init)
    i.ds18b20_GetTemp                        0x080028a0   Section        0  ds18b20.o(i.ds18b20_GetTemp)
    i.ds18b20_Init                           0x08002910   Section        0  ds18b20.o(i.ds18b20_Init)
    i.ds18b20_ReadBit                        0x08002944   Section        0  ds18b20.o(i.ds18b20_ReadBit)
    i.ds18b20_ReadByte                       0x0800297c   Section        0  ds18b20.o(i.ds18b20_ReadByte)
    i.ds18b20_Start                          0x08002998   Section        0  ds18b20.o(i.ds18b20_Start)
    i.ds18b20_WriteBit                       0x080029a8   Section        0  ds18b20.o(i.ds18b20_WriteBit)
    i.ds18b20_WriteByte                      0x080029e4   Section        0  ds18b20.o(i.ds18b20_WriteByte)
    i.i2c_write_bytes                        0x08002a0c   Section        0  main.o(i.i2c_write_bytes)
    i.main                                   0x08002a28   Section        0  main.o(i.main)
    i.malloc                                 0x08002b5c   Section        0  malloc.o(i.malloc)
    i.unicode_2_glyph_idx                    0x08002bc8   Section        0  oled.o(i.unicode_2_glyph_idx)
    unicode_2_glyph_idx                      0x08002bc9   Thumb Code    54  oled.o(i.unicode_2_glyph_idx)
    .constdata                               0x08002c00   Section     5168  oled.o(.constdata)
    default_font_GlyphBitmap_0020            0x08002c00   Data           1  oled.o(.constdata)
    default_font_GlyphBitmap_0021            0x08002c01   Data           7  oled.o(.constdata)
    default_font_GlyphBitmap_0022            0x08002c08   Data           3  oled.o(.constdata)
    default_font_GlyphBitmap_0023            0x08002c0b   Data           7  oled.o(.constdata)
    default_font_GlyphBitmap_0024            0x08002c12   Data           6  oled.o(.constdata)
    default_font_GlyphBitmap_0025            0x08002c18   Data           7  oled.o(.constdata)
    default_font_GlyphBitmap_0026            0x08002c1f   Data           7  oled.o(.constdata)
    default_font_GlyphBitmap_0027            0x08002c26   Data           3  oled.o(.constdata)
    default_font_GlyphBitmap_0028            0x08002c29   Data           7  oled.o(.constdata)
    default_font_GlyphBitmap_0029            0x08002c30   Data           7  oled.o(.constdata)
    default_font_GlyphBitmap_002A            0x08002c37   Data           5  oled.o(.constdata)
    default_font_GlyphBitmap_002B            0x08002c3c   Data           5  oled.o(.constdata)
    default_font_GlyphBitmap_002C            0x08002c41   Data           3  oled.o(.constdata)
    default_font_GlyphBitmap_002D            0x08002c44   Data           1  oled.o(.constdata)
    default_font_GlyphBitmap_002E            0x08002c45   Data           2  oled.o(.constdata)
    default_font_GlyphBitmap_002F            0x08002c47   Data           5  oled.o(.constdata)
    default_font_GlyphBitmap_0030            0x08002c4c   Data           7  oled.o(.constdata)
    default_font_GlyphBitmap_0031            0x08002c53   Data           7  oled.o(.constdata)
    default_font_GlyphBitmap_0032            0x08002c5a   Data           7  oled.o(.constdata)
    default_font_GlyphBitmap_0033            0x08002c61   Data           7  oled.o(.constdata)
    default_font_GlyphBitmap_0034            0x08002c68   Data           7  oled.o(.constdata)
    default_font_GlyphBitmap_0035            0x08002c6f   Data           7  oled.o(.constdata)
    default_font_GlyphBitmap_0036            0x08002c76   Data           7  oled.o(.constdata)
    default_font_GlyphBitmap_0037            0x08002c7d   Data           7  oled.o(.constdata)
    default_font_GlyphBitmap_0038            0x08002c84   Data           7  oled.o(.constdata)
    default_font_GlyphBitmap_0039            0x08002c8b   Data           7  oled.o(.constdata)
    default_font_GlyphBitmap_003A            0x08002c92   Data           5  oled.o(.constdata)
    default_font_GlyphBitmap_003B            0x08002c97   Data           6  oled.o(.constdata)
    default_font_GlyphBitmap_003C            0x08002c9d   Data           7  oled.o(.constdata)
    default_font_GlyphBitmap_003D            0x08002ca4   Data           3  oled.o(.constdata)
    default_font_GlyphBitmap_003E            0x08002ca7   Data           7  oled.o(.constdata)
    default_font_GlyphBitmap_003F            0x08002cae   Data           7  oled.o(.constdata)
    default_font_GlyphBitmap_0040            0x08002cb5   Data           7  oled.o(.constdata)
    default_font_GlyphBitmap_0041            0x08002cbc   Data           7  oled.o(.constdata)
    default_font_GlyphBitmap_0042            0x08002cc3   Data           7  oled.o(.constdata)
    default_font_GlyphBitmap_0043            0x08002cca   Data           7  oled.o(.constdata)
    default_font_GlyphBitmap_0044            0x08002cd1   Data           7  oled.o(.constdata)
    default_font_GlyphBitmap_0045            0x08002cd8   Data           7  oled.o(.constdata)
    default_font_GlyphBitmap_0046            0x08002cdf   Data           7  oled.o(.constdata)
    default_font_GlyphBitmap_0047            0x08002ce6   Data           7  oled.o(.constdata)
    default_font_GlyphBitmap_0048            0x08002ced   Data           7  oled.o(.constdata)
    default_font_GlyphBitmap_0049            0x08002cf4   Data           7  oled.o(.constdata)
    default_font_GlyphBitmap_004A            0x08002cfb   Data           7  oled.o(.constdata)
    default_font_GlyphBitmap_004B            0x08002d02   Data           7  oled.o(.constdata)
    default_font_GlyphBitmap_004C            0x08002d09   Data           7  oled.o(.constdata)
    default_font_GlyphBitmap_004D            0x08002d10   Data           7  oled.o(.constdata)
    default_font_GlyphBitmap_004E            0x08002d17   Data           7  oled.o(.constdata)
    default_font_GlyphBitmap_004F            0x08002d1e   Data           7  oled.o(.constdata)
    default_font_GlyphBitmap_0050            0x08002d25   Data           7  oled.o(.constdata)
    default_font_GlyphBitmap_0051            0x08002d2c   Data           7  oled.o(.constdata)
    default_font_GlyphBitmap_0052            0x08002d33   Data           7  oled.o(.constdata)
    default_font_GlyphBitmap_0053            0x08002d3a   Data           7  oled.o(.constdata)
    default_font_GlyphBitmap_0054            0x08002d41   Data           7  oled.o(.constdata)
    default_font_GlyphBitmap_0055            0x08002d48   Data           7  oled.o(.constdata)
    default_font_GlyphBitmap_0056            0x08002d4f   Data           7  oled.o(.constdata)
    default_font_GlyphBitmap_0057            0x08002d56   Data           7  oled.o(.constdata)
    default_font_GlyphBitmap_0058            0x08002d5d   Data           7  oled.o(.constdata)
    default_font_GlyphBitmap_0059            0x08002d64   Data           7  oled.o(.constdata)
    default_font_GlyphBitmap_005A            0x08002d6b   Data           7  oled.o(.constdata)
    default_font_GlyphBitmap_005B            0x08002d72   Data           7  oled.o(.constdata)
    default_font_GlyphBitmap_005C            0x08002d79   Data           5  oled.o(.constdata)
    default_font_GlyphBitmap_005D            0x08002d7e   Data           7  oled.o(.constdata)
    default_font_GlyphBitmap_005E            0x08002d85   Data           3  oled.o(.constdata)
    default_font_GlyphBitmap_005F            0x08002d88   Data           1  oled.o(.constdata)
    default_font_GlyphBitmap_0060            0x08002d89   Data           3  oled.o(.constdata)
    default_font_GlyphBitmap_0061            0x08002d8c   Data           5  oled.o(.constdata)
    default_font_GlyphBitmap_0062            0x08002d91   Data           7  oled.o(.constdata)
    default_font_GlyphBitmap_0063            0x08002d98   Data           5  oled.o(.constdata)
    default_font_GlyphBitmap_0064            0x08002d9d   Data           7  oled.o(.constdata)
    default_font_GlyphBitmap_0065            0x08002da4   Data           5  oled.o(.constdata)
    default_font_GlyphBitmap_0066            0x08002da9   Data           7  oled.o(.constdata)
    default_font_GlyphBitmap_0067            0x08002db0   Data           5  oled.o(.constdata)
    default_font_GlyphBitmap_0068            0x08002db5   Data           7  oled.o(.constdata)
    default_font_GlyphBitmap_0069            0x08002dbc   Data           7  oled.o(.constdata)
    default_font_GlyphBitmap_006A            0x08002dc3   Data           7  oled.o(.constdata)
    default_font_GlyphBitmap_006B            0x08002dca   Data           7  oled.o(.constdata)
    default_font_GlyphBitmap_006C            0x08002dd1   Data           7  oled.o(.constdata)
    default_font_GlyphBitmap_006D            0x08002dd8   Data           5  oled.o(.constdata)
    default_font_GlyphBitmap_006E            0x08002ddd   Data           5  oled.o(.constdata)
    default_font_GlyphBitmap_006F            0x08002de2   Data           5  oled.o(.constdata)
    default_font_GlyphBitmap_0070            0x08002de7   Data           5  oled.o(.constdata)
    default_font_GlyphBitmap_0071            0x08002dec   Data           6  oled.o(.constdata)
    default_font_GlyphBitmap_0072            0x08002df2   Data           5  oled.o(.constdata)
    default_font_GlyphBitmap_0073            0x08002df7   Data           5  oled.o(.constdata)
    default_font_GlyphBitmap_0074            0x08002dfc   Data           7  oled.o(.constdata)
    default_font_GlyphBitmap_0075            0x08002e03   Data           6  oled.o(.constdata)
    default_font_GlyphBitmap_0076            0x08002e09   Data           5  oled.o(.constdata)
    default_font_GlyphBitmap_0077            0x08002e0e   Data           5  oled.o(.constdata)
    default_font_GlyphBitmap_0078            0x08002e13   Data           5  oled.o(.constdata)
    default_font_GlyphBitmap_0079            0x08002e18   Data           5  oled.o(.constdata)
    default_font_GlyphBitmap_007A            0x08002e1d   Data           5  oled.o(.constdata)
    default_font_GlyphBitmap_007B            0x08002e22   Data           7  oled.o(.constdata)
    default_font_GlyphBitmap_007C            0x08002e29   Data           7  oled.o(.constdata)
    default_font_GlyphBitmap_007D            0x08002e30   Data           7  oled.o(.constdata)
    default_font_GlyphBitmap_007E            0x08002e37   Data           3  oled.o(.constdata)
    default_font_Map                         0x08002e3c   Data         380  oled.o(.constdata)
    default_font_Glyphs                      0x08002fb8   Data        4180  oled.o(.constdata)
    .conststring                             0x08004030   Section      773  oled.o(.conststring)
    .data                                    0x20000000   Section       20  stm32f10x_rcc.o(.data)
    APBAHBPrescTable                         0x20000000   Data          16  stm32f10x_rcc.o(.data)
    ADCPrescTable                            0x20000010   Data           4  stm32f10x_rcc.o(.data)
    .data                                    0x20000014   Section       12  delay.o(.data)
    delay_initialized_flag                   0x20000018   Data           1  delay.o(.data)
    us_per_mini_tick                         0x2000001c   Data           4  delay.o(.data)
    .data                                    0x20000020   Section        4  mvars.o(.data)
    .data                                    0x20000024   Section        4  mvars.o(.data)
    .bss                                     0x20000028   Section       56  main.o(.bss)
    HEAP                                     0x20000060   Section     4096  startup_stm32f10x_md.o(HEAP)
    STACK                                    0x20001060   Section     4096  startup_stm32f10x_md.o(STACK)

    Global Symbols

    Symbol Name                              Value     Ov Type        Size  Object(Section)

    BuildAttributes$$THM_ISAv4$P$D$K$B$S$PE$A:L22UL41UL21$X:L11$S22US41US21$IEEE1$IW$USESV6$~STKCKD$USESV7$~SHL$OTIME$ROPI$IEEEJ$EBA8$MICROLIB$REQ8$PRES8$EABIv2 0x00000000   Number         0  anon$$obj.o ABSOLUTE
    __ARM_use_no_argv                        0x00000000   Number         0  main.o ABSOLUTE
    __arm_fini_                               - Undefined Weak Reference
    __cpp_initialize__aeabi_                  - Undefined Weak Reference
    __cxa_finalize                            - Undefined Weak Reference
    __decompress                              - Undefined Weak Reference
    _clock_init                               - Undefined Weak Reference
    _microlib_exit                            - Undefined Weak Reference
    __Vectors_Size                           0x000000ec   Number         0  startup_stm32f10x_md.o ABSOLUTE
    __Vectors                                0x08000000   Data           4  startup_stm32f10x_md.o(RESET)
    __Vectors_End                            0x080000ec   Data           0  startup_stm32f10x_md.o(RESET)
    __main                                   0x080000ed   Thumb Code     0  entry.o(.ARM.Collect$$$$00000000)
    _main_stk                                0x080000ed   Thumb Code     0  entry2.o(.ARM.Collect$$$$00000001)
    _main_scatterload                        0x080000f1   Thumb Code     0  entry5.o(.ARM.Collect$$$$00000004)
    __main_after_scatterload                 0x080000f5   Thumb Code     0  entry5.o(.ARM.Collect$$$$00000004)
    _main_clock                              0x080000f5   Thumb Code     0  entry7b.o(.ARM.Collect$$$$00000008)
    _main_cpp_init                           0x080000f5   Thumb Code     0  entry8b.o(.ARM.Collect$$$$0000000A)
    _main_init                               0x080000f5   Thumb Code     0  entry9a.o(.ARM.Collect$$$$0000000B)
    __rt_lib_shutdown_fini                   0x080000fd   Thumb Code     0  entry12b.o(.ARM.Collect$$$$0000000E)
    __rt_final_cpp                           0x08000101   Thumb Code     0  entry10a.o(.ARM.Collect$$$$0000000F)
    __rt_final_exit                          0x08000101   Thumb Code     0  entry11a.o(.ARM.Collect$$$$00000011)
    Reset_Handler                            0x08000105   Thumb Code     8  startup_stm32f10x_md.o(.text)
    ADC1_2_IRQHandler                        0x0800011f   Thumb Code     0  startup_stm32f10x_md.o(.text)
    CAN1_RX1_IRQHandler                      0x0800011f   Thumb Code     0  startup_stm32f10x_md.o(.text)
    CAN1_SCE_IRQHandler                      0x0800011f   Thumb Code     0  startup_stm32f10x_md.o(.text)
    DMA1_Channel1_IRQHandler                 0x0800011f   Thumb Code     0  startup_stm32f10x_md.o(.text)
    DMA1_Channel2_IRQHandler                 0x0800011f   Thumb Code     0  startup_stm32f10x_md.o(.text)
    DMA1_Channel3_IRQHandler                 0x0800011f   Thumb Code     0  startup_stm32f10x_md.o(.text)
    DMA1_Channel4_IRQHandler                 0x0800011f   Thumb Code     0  startup_stm32f10x_md.o(.text)
    DMA1_Channel5_IRQHandler                 0x0800011f   Thumb Code     0  startup_stm32f10x_md.o(.text)
    DMA1_Channel6_IRQHandler                 0x0800011f   Thumb Code     0  startup_stm32f10x_md.o(.text)
    DMA1_Channel7_IRQHandler                 0x0800011f   Thumb Code     0  startup_stm32f10x_md.o(.text)
    EXTI0_IRQHandler                         0x0800011f   Thumb Code     0  startup_stm32f10x_md.o(.text)
    EXTI15_10_IRQHandler                     0x0800011f   Thumb Code     0  startup_stm32f10x_md.o(.text)
    EXTI1_IRQHandler                         0x0800011f   Thumb Code     0  startup_stm32f10x_md.o(.text)
    EXTI2_IRQHandler                         0x0800011f   Thumb Code     0  startup_stm32f10x_md.o(.text)
    EXTI3_IRQHandler                         0x0800011f   Thumb Code     0  startup_stm32f10x_md.o(.text)
    EXTI4_IRQHandler                         0x0800011f   Thumb Code     0  startup_stm32f10x_md.o(.text)
    EXTI9_5_IRQHandler                       0x0800011f   Thumb Code     0  startup_stm32f10x_md.o(.text)
    FLASH_IRQHandler                         0x0800011f   Thumb Code     0  startup_stm32f10x_md.o(.text)
    I2C1_ER_IRQHandler                       0x0800011f   Thumb Code     0  startup_stm32f10x_md.o(.text)
    I2C1_EV_IRQHandler                       0x0800011f   Thumb Code     0  startup_stm32f10x_md.o(.text)
    I2C2_ER_IRQHandler                       0x0800011f   Thumb Code     0  startup_stm32f10x_md.o(.text)
    I2C2_EV_IRQHandler                       0x0800011f   Thumb Code     0  startup_stm32f10x_md.o(.text)
    PVD_IRQHandler                           0x0800011f   Thumb Code     0  startup_stm32f10x_md.o(.text)
    RCC_IRQHandler                           0x0800011f   Thumb Code     0  startup_stm32f10x_md.o(.text)
    RTCAlarm_IRQHandler                      0x0800011f   Thumb Code     0  startup_stm32f10x_md.o(.text)
    RTC_IRQHandler                           0x0800011f   Thumb Code     0  startup_stm32f10x_md.o(.text)
    SPI1_IRQHandler                          0x0800011f   Thumb Code     0  startup_stm32f10x_md.o(.text)
    SPI2_IRQHandler                          0x0800011f   Thumb Code     0  startup_stm32f10x_md.o(.text)
    TAMPER_IRQHandler                        0x0800011f   Thumb Code     0  startup_stm32f10x_md.o(.text)
    TIM1_BRK_IRQHandler                      0x0800011f   Thumb Code     0  startup_stm32f10x_md.o(.text)
    TIM1_CC_IRQHandler                       0x0800011f   Thumb Code     0  startup_stm32f10x_md.o(.text)
    TIM1_TRG_COM_IRQHandler                  0x0800011f   Thumb Code     0  startup_stm32f10x_md.o(.text)
    TIM1_UP_IRQHandler                       0x0800011f   Thumb Code     0  startup_stm32f10x_md.o(.text)
    TIM2_IRQHandler                          0x0800011f   Thumb Code     0  startup_stm32f10x_md.o(.text)
    TIM3_IRQHandler                          0x0800011f   Thumb Code     0  startup_stm32f10x_md.o(.text)
    TIM4_IRQHandler                          0x0800011f   Thumb Code     0  startup_stm32f10x_md.o(.text)
    USART1_IRQHandler                        0x0800011f   Thumb Code     0  startup_stm32f10x_md.o(.text)
    USART2_IRQHandler                        0x0800011f   Thumb Code     0  startup_stm32f10x_md.o(.text)
    USART3_IRQHandler                        0x0800011f   Thumb Code     0  startup_stm32f10x_md.o(.text)
    USBWakeUp_IRQHandler                     0x0800011f   Thumb Code     0  startup_stm32f10x_md.o(.text)
    USB_HP_CAN1_TX_IRQHandler                0x0800011f   Thumb Code     0  startup_stm32f10x_md.o(.text)
    USB_LP_CAN1_RX0_IRQHandler               0x0800011f   Thumb Code     0  startup_stm32f10x_md.o(.text)
    WWDG_IRQHandler                          0x0800011f   Thumb Code     0  startup_stm32f10x_md.o(.text)
    __aeabi_memset                           0x08000129   Thumb Code    14  memseta.o(.text)
    __aeabi_memset4                          0x08000129   Thumb Code     0  memseta.o(.text)
    __aeabi_memset8                          0x08000129   Thumb Code     0  memseta.o(.text)
    __aeabi_memclr                           0x08000137   Thumb Code     4  memseta.o(.text)
    __aeabi_memclr4                          0x08000137   Thumb Code     0  memseta.o(.text)
    __aeabi_memclr8                          0x08000137   Thumb Code     0  memseta.o(.text)
    _memset$wrapper                          0x0800013b   Thumb Code    18  memseta.o(.text)
    __aeabi_fadd                             0x0800014d   Thumb Code   164  fadd.o(.text)
    __aeabi_fsub                             0x080001f1   Thumb Code     6  fadd.o(.text)
    __aeabi_frsub                            0x080001f7   Thumb Code     6  fadd.o(.text)
    __aeabi_fmul                             0x080001fd   Thumb Code   100  fmul.o(.text)
    __aeabi_dadd                             0x08000261   Thumb Code   322  dadd.o(.text)
    __aeabi_dsub                             0x080003a3   Thumb Code     6  dadd.o(.text)
    __aeabi_drsub                            0x080003a9   Thumb Code     6  dadd.o(.text)
    __aeabi_dmul                             0x080003af   Thumb Code   228  dmul.o(.text)
    __aeabi_ddiv                             0x08000493   Thumb Code   222  ddiv.o(.text)
    __aeabi_ui2f                             0x08000571   Thumb Code    10  ffltui.o(.text)
    __aeabi_ui2d                             0x0800057b   Thumb Code    26  dfltui.o(.text)
    __aeabi_f2uiz                            0x08000595   Thumb Code    40  ffixui.o(.text)
    __aeabi_d2uiz                            0x080005bd   Thumb Code    50  dfixui.o(.text)
    __aeabi_f2d                              0x080005ef   Thumb Code    38  f2d.o(.text)
    __aeabi_cdcmpeq                          0x08000615   Thumb Code     0  cdcmple.o(.text)
    __aeabi_cdcmple                          0x08000615   Thumb Code    48  cdcmple.o(.text)
    __aeabi_cdrcmple                         0x08000645   Thumb Code    48  cdrcmple.o(.text)
    __aeabi_d2f                              0x08000675   Thumb Code    56  d2f.o(.text)
    __aeabi_cfrcmple                         0x080006ad   Thumb Code    20  cfrcmple.o(.text)
    __aeabi_uidiv                            0x080006c1   Thumb Code     0  uidiv.o(.text)
    __aeabi_uidivmod                         0x080006c1   Thumb Code    44  uidiv.o(.text)
    __aeabi_uldivmod                         0x080006ed   Thumb Code    98  uldiv.o(.text)
    __aeabi_llsl                             0x0800074f   Thumb Code    30  llshl.o(.text)
    _ll_shift_l                              0x0800074f   Thumb Code     0  llshl.o(.text)
    __aeabi_llsr                             0x0800076d   Thumb Code    32  llushr.o(.text)
    _ll_ushift_r                             0x0800076d   Thumb Code     0  llushr.o(.text)
    __aeabi_lasr                             0x0800078d   Thumb Code    36  llsshr.o(.text)
    _ll_sshift_r                             0x0800078d   Thumb Code     0  llsshr.o(.text)
    __I$use$fp                               0x080007b1   Thumb Code     0  iusefp.o(.text)
    _float_round                             0x080007b1   Thumb Code    18  fepilogue.o(.text)
    _float_epilogue                          0x080007c3   Thumb Code    92  fepilogue.o(.text)
    _double_round                            0x0800081f   Thumb Code    30  depilogue.o(.text)
    _double_epilogue                         0x0800083d   Thumb Code   156  depilogue.o(.text)
    __aeabi_d2ulz                            0x080008d9   Thumb Code    48  dfixul.o(.text)
    __scatterload                            0x08000909   Thumb Code    28  init.o(.text)
    __scatterload_rt2                        0x08000909   Thumb Code     0  init.o(.text)
    BusFault_Handler                         0x080009f7   Thumb Code     4  stm32f10x_it.o(i.BusFault_Handler)
    DebugMon_Handler                         0x080009fb   Thumb Code     2  stm32f10x_it.o(i.DebugMon_Handler)
    Delay                                    0x080009fd   Thumb Code    32  delay.o(i.Delay)
    DelayUs                                  0x08000a21   Thumb Code    38  delay.o(i.DelayUs)
    Delay_Init                               0x08000a49   Thumb Code   192  delay.o(i.Delay_Init)
    GPIO_Init                                0x08000dd7   Thumb Code   278  stm32f10x_gpio.o(i.GPIO_Init)
    GPIO_ReadInputDataBit                    0x08000eed   Thumb Code    18  stm32f10x_gpio.o(i.GPIO_ReadInputDataBit)
    GPIO_ResetBits                           0x08000eff   Thumb Code     4  stm32f10x_gpio.o(i.GPIO_ResetBits)
    GPIO_SetBits                             0x08000f03   Thumb Code     4  stm32f10x_gpio.o(i.GPIO_SetBits)
    GPIO_WriteBit                            0x08000f07   Thumb Code    10  stm32f10x_gpio.o(i.GPIO_WriteBit)
    GetUs                                    0x08000fdd   Thumb Code   126  delay.o(i.GetUs)
    HardFault_Handler                        0x08001065   Thumb Code     4  stm32f10x_it.o(i.HardFault_Handler)
    LoadTemperature                          0x08001069   Thumb Code    44  w25q64.o(i.LoadTemperature)
    MemManage_Handler                        0x08001095   Thumb Code     4  stm32f10x_it.o(i.MemManage_Handler)
    My_OLEDScreen_Init                       0x08001099   Thumb Code    16  main.o(i.My_OLEDScreen_Init)
    My_SI2C_Init                             0x080010b1   Thumb Code   218  si2c.o(i.My_SI2C_Init)
    My_SI2C_SendBytes                        0x0800119d   Thumb Code   118  si2c.o(i.My_SI2C_SendBytes)
    My_SoftwareI2C_Init                      0x08001215   Thumb Code    28  main.o(i.My_SoftwareI2C_Init)
    Myy_SPI_MasterTransmitReceive            0x08001239   Thumb Code   130  spi.o(i.Myy_SPI_MasterTransmitReceive)
    NMI_Handler                              0x080012bb   Thumb Code     2  stm32f10x_it.o(i.NMI_Handler)
    OLED_Clear                               0x080012bd   Thumb Code    16  oled.o(i.OLED_Clear)
    OLED_DrawString                          0x080012cd   Thumb Code   304  oled.o(i.OLED_DrawString)
    OLED_Init                                0x080013fd   Thumb Code   454  oled.o(i.OLED_Init)
    OLED_Printf                              0x080015c9   Thumb Code    42  oled.o(i.OLED_Printf)
    OLED_SendBuffer                          0x080015f3   Thumb Code   118  oled.o(i.OLED_SendBuffer)
    OLED_SetCursor                           0x080016db   Thumb Code     6  oled.o(i.OLED_SetCursor)
    PendSV_Handler                           0x08001781   Thumb Code     2  stm32f10x_it.o(i.PendSV_Handler)
    RCC_APB2PeriphClockCmd                   0x08001785   Thumb Code    26  stm32f10x_rcc.o(i.RCC_APB2PeriphClockCmd)
    RCC_GetClocksFreq                        0x080017a5   Thumb Code   192  stm32f10x_rcc.o(i.RCC_GetClocksFreq)
    SPI_Cmd                                  0x08001879   Thumb Code    24  stm32f10x_spi.o(i.SPI_Cmd)
    SPI_I2S_GetFlagStatus                    0x08001891   Thumb Code    18  stm32f10x_spi.o(i.SPI_I2S_GetFlagStatus)
    SPI_I2S_ReceiveData                      0x080018a3   Thumb Code     6  stm32f10x_spi.o(i.SPI_I2S_ReceiveData)
    SPI_I2S_SendData                         0x080018a9   Thumb Code     4  stm32f10x_spi.o(i.SPI_I2S_SendData)
    SPI_Init                                 0x080018ad   Thumb Code    60  stm32f10x_spi.o(i.SPI_Init)
    SPI_NSSInternalSoftwareConfig            0x080018e9   Thumb Code    30  stm32f10x_spi.o(i.SPI_NSSInternalSoftwareConfig)
    SVC_Handler                              0x08001907   Thumb Code     2  stm32f10x_it.o(i.SVC_Handler)
    SetPinInput                              0x080019d5   Thumb Code    24  ds18b20.o(i.SetPinInput)
    SetPinOutput                             0x080019f1   Thumb Code    30  ds18b20.o(i.SetPinOutput)
    SysTick_Handler                          0x08001afd   Thumb Code    20  stm32f10x_it.o(i.SysTick_Handler)
    SystemInit                               0x08001b15   Thumb Code    78  system_stm32f10x.o(i.SystemInit)
    UsageFault_Handler                       0x08001b75   Thumb Code     4  stm32f10x_it.o(i.UsageFault_Handler)
    W25Q64_LoadBytes                         0x08001b79   Thumb Code   100  w25q64.o(i.W25Q64_LoadBytes)
    W25Q64_SPI_Init                          0x08001be5   Thumb Code   218  w25q64.o(i.W25Q64_SPI_Init)
    W25Q64_Save4Bytes                        0x08001cc9   Thumb Code   358  w25q64.o(i.W25Q64_Save4Bytes)
    __0vsprintf                              0x08001e39   Thumb Code    30  printfa.o(i.__0vsprintf)
    __1vsprintf                              0x08001e39   Thumb Code     0  printfa.o(i.__0vsprintf)
    __2vsprintf                              0x08001e39   Thumb Code     0  printfa.o(i.__0vsprintf)
    __c89vsprintf                            0x08001e39   Thumb Code     0  printfa.o(i.__0vsprintf)
    vsprintf                                 0x08001e39   Thumb Code     0  printfa.o(i.__0vsprintf)
    __scatterload_copy                       0x08001e5d   Thumb Code    14  handlers.o(i.__scatterload_copy)
    __scatterload_null                       0x08001e6b   Thumb Code     2  handlers.o(i.__scatterload_null)
    __scatterload_zeroinit                   0x08001e6d   Thumb Code    14  handlers.o(i.__scatterload_zeroinit)
    ceil                                     0x08002711   Thumb Code   204  ceil.o(i.ceil)
    delay                                    0x080027ed   Thumb Code    14  si2c.o(i.delay)
    ds18b20_Check                            0x080027fd   Thumb Code    98  ds18b20.o(i.ds18b20_Check)
    ds18b20_Finish                           0x08002865   Thumb Code    16  ds18b20.o(i.ds18b20_Finish)
    ds18b20_GPIO_Init                        0x08002875   Thumb Code    38  ds18b20.o(i.ds18b20_GPIO_Init)
    ds18b20_GetTemp                          0x080028a1   Thumb Code   108  ds18b20.o(i.ds18b20_GetTemp)
    ds18b20_Init                             0x08002911   Thumb Code    46  ds18b20.o(i.ds18b20_Init)
    ds18b20_ReadBit                          0x08002945   Thumb Code    50  ds18b20.o(i.ds18b20_ReadBit)
    ds18b20_ReadByte                         0x0800297d   Thumb Code    28  ds18b20.o(i.ds18b20_ReadByte)
    ds18b20_Start                            0x08002999   Thumb Code    16  ds18b20.o(i.ds18b20_Start)
    ds18b20_WriteBit                         0x080029a9   Thumb Code    56  ds18b20.o(i.ds18b20_WriteBit)
    ds18b20_WriteByte                        0x080029e5   Thumb Code    38  ds18b20.o(i.ds18b20_WriteByte)
    i2c_write_bytes                          0x08002a0d   Thumb Code    22  main.o(i.i2c_write_bytes)
    main                                     0x08002a29   Thumb Code   256  main.o(i.main)
    malloc                                   0x08002b5d   Thumb Code    92  malloc.o(i.malloc)
    default_font                             0x0800400c   Data          36  oled.o(.constdata)
    Region$$Table$$Base                      0x08004338   Number         0  anon$$obj.o(Region$$Table)
    Region$$Table$$Limit                     0x08004358   Number         0  anon$$obj.o(Region$$Table)
    ulTicks                                  0x20000014   Data           4  delay.o(.data)
    __microlib_freelist                      0x20000020   Data           4  mvars.o(.data)
    __microlib_freelist_initialised          0x20000024   Data           4  mvars.o(.data)
    si2c                                     0x20000028   Data          16  main.o(.bss)
    oled                                     0x20000038   Data          40  main.o(.bss)
    __heap_base                              0x20000060   Data           0  startup_stm32f10x_md.o(HEAP)
    __heap_limit                             0x20001060   Data           0  startup_stm32f10x_md.o(HEAP)
    __initial_sp                             0x20002060   Data           0  startup_stm32f10x_md.o(STACK)



==============================================================================

Memory Map of the image

  Image Entry point : 0x080000ed

  Load Region LR_IROM1 (Base: 0x08000000, Size: 0x00004380, Max: 0x00010000, ABSOLUTE)

    Execution Region ER_IROM1 (Exec base: 0x08000000, Load base: 0x08000000, Size: 0x00004358, Max: 0x00010000, ABSOLUTE)

    Exec Addr    Load Addr    Size         Type   Attr      Idx    E Section Name        Object

    0x08000000   0x08000000   0x000000ec   Data   RO          383    RESET               startup_stm32f10x_md.o
    0x080000ec   0x080000ec   0x00000000   Code   RO         4392  * .ARM.Collect$$$$00000000  mc_w.l(entry.o)
    0x080000ec   0x080000ec   0x00000004   Code   RO         4487    .ARM.Collect$$$$00000001  mc_w.l(entry2.o)
    0x080000f0   0x080000f0   0x00000004   Code   RO         4490    .ARM.Collect$$$$00000004  mc_w.l(entry5.o)
    0x080000f4   0x080000f4   0x00000000   Code   RO         4492    .ARM.Collect$$$$00000008  mc_w.l(entry7b.o)
    0x080000f4   0x080000f4   0x00000000   Code   RO         4494    .ARM.Collect$$$$0000000A  mc_w.l(entry8b.o)
    0x080000f4   0x080000f4   0x00000008   Code   RO         4495    .ARM.Collect$$$$0000000B  mc_w.l(entry9a.o)
    0x080000fc   0x080000fc   0x00000004   Code   RO         4502    .ARM.Collect$$$$0000000E  mc_w.l(entry12b.o)
    0x08000100   0x08000100   0x00000000   Code   RO         4497    .ARM.Collect$$$$0000000F  mc_w.l(entry10a.o)
    0x08000100   0x08000100   0x00000000   Code   RO         4499    .ARM.Collect$$$$00000011  mc_w.l(entry11a.o)
    0x08000100   0x08000100   0x00000004   Code   RO         4488    .ARM.Collect$$$$00002712  mc_w.l(entry2.o)
    0x08000104   0x08000104   0x00000024   Code   RO          384    .text               startup_stm32f10x_md.o
    0x08000128   0x08000128   0x00000024   Code   RO         4395    .text               mc_w.l(memseta.o)
    0x0800014c   0x0800014c   0x000000b0   Code   RO         4455    .text               mf_w.l(fadd.o)
    0x080001fc   0x080001fc   0x00000064   Code   RO         4457    .text               mf_w.l(fmul.o)
    0x08000260   0x08000260   0x0000014e   Code   RO         4459    .text               mf_w.l(dadd.o)
    0x080003ae   0x080003ae   0x000000e4   Code   RO         4461    .text               mf_w.l(dmul.o)
    0x08000492   0x08000492   0x000000de   Code   RO         4463    .text               mf_w.l(ddiv.o)
    0x08000570   0x08000570   0x0000000a   Code   RO         4465    .text               mf_w.l(ffltui.o)
    0x0800057a   0x0800057a   0x0000001a   Code   RO         4469    .text               mf_w.l(dfltui.o)
    0x08000594   0x08000594   0x00000028   Code   RO         4471    .text               mf_w.l(ffixui.o)
    0x080005bc   0x080005bc   0x00000032   Code   RO         4475    .text               mf_w.l(dfixui.o)
    0x080005ee   0x080005ee   0x00000026   Code   RO         4477    .text               mf_w.l(f2d.o)
    0x08000614   0x08000614   0x00000030   Code   RO         4479    .text               mf_w.l(cdcmple.o)
    0x08000644   0x08000644   0x00000030   Code   RO         4481    .text               mf_w.l(cdrcmple.o)
    0x08000674   0x08000674   0x00000038   Code   RO         4483    .text               mf_w.l(d2f.o)
    0x080006ac   0x080006ac   0x00000014   Code   RO         4485    .text               mf_w.l(cfrcmple.o)
    0x080006c0   0x080006c0   0x0000002c   Code   RO         4506    .text               mc_w.l(uidiv.o)
    0x080006ec   0x080006ec   0x00000062   Code   RO         4508    .text               mc_w.l(uldiv.o)
    0x0800074e   0x0800074e   0x0000001e   Code   RO         4510    .text               mc_w.l(llshl.o)
    0x0800076c   0x0800076c   0x00000020   Code   RO         4512    .text               mc_w.l(llushr.o)
    0x0800078c   0x0800078c   0x00000024   Code   RO         4514    .text               mc_w.l(llsshr.o)
    0x080007b0   0x080007b0   0x00000000   Code   RO         4522    .text               mc_w.l(iusefp.o)
    0x080007b0   0x080007b0   0x0000006e   Code   RO         4523    .text               mf_w.l(fepilogue.o)
    0x0800081e   0x0800081e   0x000000ba   Code   RO         4525    .text               mf_w.l(depilogue.o)
    0x080008d8   0x080008d8   0x00000030   Code   RO         4529    .text               mf_w.l(dfixul.o)
    0x08000908   0x08000908   0x00000024   Code   RO         4531    .text               mc_w.l(init.o)
    0x0800092c   0x0800092c   0x000000ca   Code   RO         3860    i.BrushDot          oled.o
    0x080009f6   0x080009f6   0x00000004   Code   RO          304    i.BusFault_Handler  stm32f10x_it.o
    0x080009fa   0x080009fa   0x00000002   Code   RO          305    i.DebugMon_Handler  stm32f10x_it.o
    0x080009fc   0x080009fc   0x00000024   Code   RO         3634    i.Delay             delay.o
    0x08000a20   0x08000a20   0x00000026   Code   RO         3635    i.DelayUs           delay.o
    0x08000a46   0x08000a46   0x00000002   PAD
    0x08000a48   0x08000a48   0x000000d4   Code   RO         3636    i.Delay_Init        delay.o
    0x08000b1c   0x08000b1c   0x000000b8   Code   RO         3861    i.DrawBitmapEx      oled.o
    0x08000bd4   0x08000bd4   0x000001ba   Code   RO         3862    i.DrawCharator      oled.o
    0x08000d8e   0x08000d8e   0x00000048   Code   RO         3866    i.FillRect          oled.o
    0x08000dd6   0x08000dd6   0x00000116   Code   RO         1686    i.GPIO_Init         stm32f10x_gpio.o
    0x08000eec   0x08000eec   0x00000012   Code   RO         1690    i.GPIO_ReadInputDataBit  stm32f10x_gpio.o
    0x08000efe   0x08000efe   0x00000004   Code   RO         1693    i.GPIO_ResetBits    stm32f10x_gpio.o
    0x08000f02   0x08000f02   0x00000004   Code   RO         1694    i.GPIO_SetBits      stm32f10x_gpio.o
    0x08000f06   0x08000f06   0x0000000a   Code   RO         1697    i.GPIO_WriteBit     stm32f10x_gpio.o
    0x08000f10   0x08000f10   0x000000ca   Code   RO         3868    i.GetOverlappedRect  oled.o
    0x08000fda   0x08000fda   0x00000002   PAD
    0x08000fdc   0x08000fdc   0x00000088   Code   RO         3638    i.GetUs             delay.o
    0x08001064   0x08001064   0x00000004   Code   RO          306    i.HardFault_Handler  stm32f10x_it.o
    0x08001068   0x08001068   0x0000002c   Code   RO         4343    i.LoadTemperature   w25q64.o
    0x08001094   0x08001094   0x00000004   Code   RO          307    i.MemManage_Handler  stm32f10x_it.o
    0x08001098   0x08001098   0x00000018   Code   RO            4    i.My_OLEDScreen_Init  main.o
    0x080010b0   0x080010b0   0x000000ec   Code   RO         3800    i.My_SI2C_Init      si2c.o
    0x0800119c   0x0800119c   0x00000076   Code   RO         3802    i.My_SI2C_SendBytes  si2c.o
    0x08001212   0x08001212   0x00000002   PAD
    0x08001214   0x08001214   0x00000024   Code   RO            5    i.My_SoftwareI2C_Init  main.o
    0x08001238   0x08001238   0x00000082   Code   RO         4223    i.Myy_SPI_MasterTransmitReceive  spi.o
    0x080012ba   0x080012ba   0x00000002   Code   RO          308    i.NMI_Handler       stm32f10x_it.o
    0x080012bc   0x080012bc   0x00000010   Code   RO         3869    i.OLED_Clear        oled.o
    0x080012cc   0x080012cc   0x00000130   Code   RO         3875    i.OLED_DrawString   oled.o
    0x080013fc   0x080013fc   0x000001cc   Code   RO         3884    i.OLED_Init         oled.o
    0x080015c8   0x080015c8   0x0000002a   Code   RO         3889    i.OLED_Printf       oled.o
    0x080015f2   0x080015f2   0x00000076   Code   RO         3890    i.OLED_SendBuffer   oled.o
    0x08001668   0x08001668   0x00000042   Code   RO         3891    i.OLED_SendCommand  oled.o
    0x080016aa   0x080016aa   0x00000030   Code   RO         3892    i.OLED_SendData     oled.o
    0x080016da   0x080016da   0x00000006   Code   RO         3894    i.OLED_SetCursor    oled.o
    0x080016e0   0x080016e0   0x000000a0   Code   RO         3904    i.PenDot            oled.o
    0x08001780   0x08001780   0x00000002   Code   RO          309    i.PendSV_Handler    stm32f10x_it.o
    0x08001782   0x08001782   0x00000002   PAD
    0x08001784   0x08001784   0x00000020   Code   RO         2152    i.RCC_APB2PeriphClockCmd  stm32f10x_rcc.o
    0x080017a4   0x080017a4   0x000000d4   Code   RO         2160    i.RCC_GetClocksFreq  stm32f10x_rcc.o
    0x08001878   0x08001878   0x00000018   Code   RO         2665    i.SPI_Cmd           stm32f10x_spi.o
    0x08001890   0x08001890   0x00000012   Code   RO         2673    i.SPI_I2S_GetFlagStatus  stm32f10x_spi.o
    0x080018a2   0x080018a2   0x00000006   Code   RO         2676    i.SPI_I2S_ReceiveData  stm32f10x_spi.o
    0x080018a8   0x080018a8   0x00000004   Code   RO         2677    i.SPI_I2S_SendData  stm32f10x_spi.o
    0x080018ac   0x080018ac   0x0000003c   Code   RO         2678    i.SPI_Init          stm32f10x_spi.o
    0x080018e8   0x080018e8   0x0000001e   Code   RO         2679    i.SPI_NSSInternalSoftwareConfig  stm32f10x_spi.o
    0x08001906   0x08001906   0x00000002   Code   RO          310    i.SVC_Handler       stm32f10x_it.o
    0x08001908   0x08001908   0x00000086   Code   RO         3804    i.SendByte          si2c.o
    0x0800198e   0x0800198e   0x00000046   Code   RO         3805    i.SendStop          si2c.o
    0x080019d4   0x080019d4   0x0000001c   Code   RO         4250    i.SetPinInput       ds18b20.o
    0x080019f0   0x080019f0   0x00000024   Code   RO         4251    i.SetPinOutput      ds18b20.o
    0x08001a14   0x08001a14   0x00000008   Code   RO          173    i.SetSysClock       system_stm32f10x.o
    0x08001a1c   0x08001a1c   0x000000e0   Code   RO          174    i.SetSysClockTo72   system_stm32f10x.o
    0x08001afc   0x08001afc   0x00000018   Code   RO          311    i.SysTick_Handler   stm32f10x_it.o
    0x08001b14   0x08001b14   0x00000060   Code   RO          176    i.SystemInit        system_stm32f10x.o
    0x08001b74   0x08001b74   0x00000004   Code   RO          312    i.UsageFault_Handler  stm32f10x_it.o
    0x08001b78   0x08001b78   0x0000006c   Code   RO         4344    i.W25Q64_LoadBytes  w25q64.o
    0x08001be4   0x08001be4   0x000000e4   Code   RO         4345    i.W25Q64_SPI_Init   w25q64.o
    0x08001cc8   0x08001cc8   0x00000170   Code   RO         4346    i.W25Q64_Save4Bytes  w25q64.o
    0x08001e38   0x08001e38   0x00000024   Code   RO         4406    i.__0vsprintf       mc_w.l(printfa.o)
    0x08001e5c   0x08001e5c   0x0000000e   Code   RO         4537    i.__scatterload_copy  mc_w.l(handlers.o)
    0x08001e6a   0x08001e6a   0x00000002   Code   RO         4538    i.__scatterload_null  mc_w.l(handlers.o)
    0x08001e6c   0x08001e6c   0x0000000e   Code   RO         4539    i.__scatterload_zeroinit  mc_w.l(handlers.o)
    0x08001e7a   0x08001e7a   0x00000002   PAD
    0x08001e7c   0x08001e7c   0x00000184   Code   RO         4407    i._fp_digits        mc_w.l(printfa.o)
    0x08002000   0x08002000   0x000006b4   Code   RO         4408    i._printf_core      mc_w.l(printfa.o)
    0x080026b4   0x080026b4   0x00000024   Code   RO         4409    i._printf_post_padding  mc_w.l(printfa.o)
    0x080026d8   0x080026d8   0x0000002e   Code   RO         4410    i._printf_pre_padding  mc_w.l(printfa.o)
    0x08002706   0x08002706   0x0000000a   Code   RO         4412    i._sputc            mc_w.l(printfa.o)
    0x08002710   0x08002710   0x000000dc   Code   RO         4387    i.ceil              m_ws.l(ceil.o)
    0x080027ec   0x080027ec   0x0000000e   Code   RO         3806    i.delay             si2c.o
    0x080027fa   0x080027fa   0x00000002   PAD
    0x080027fc   0x080027fc   0x00000068   Code   RO         4252    i.ds18b20_Check     ds18b20.o
    0x08002864   0x08002864   0x00000010   Code   RO         4253    i.ds18b20_Finish    ds18b20.o
    0x08002874   0x08002874   0x0000002c   Code   RO         4254    i.ds18b20_GPIO_Init  ds18b20.o
    0x080028a0   0x080028a0   0x00000070   Code   RO         4255    i.ds18b20_GetTemp   ds18b20.o
    0x08002910   0x08002910   0x00000034   Code   RO         4256    i.ds18b20_Init      ds18b20.o
    0x08002944   0x08002944   0x00000038   Code   RO         4257    i.ds18b20_ReadBit   ds18b20.o
    0x0800297c   0x0800297c   0x0000001c   Code   RO         4258    i.ds18b20_ReadByte  ds18b20.o
    0x08002998   0x08002998   0x00000010   Code   RO         4259    i.ds18b20_Start     ds18b20.o
    0x080029a8   0x080029a8   0x0000003c   Code   RO         4260    i.ds18b20_WriteBit  ds18b20.o
    0x080029e4   0x080029e4   0x00000026   Code   RO         4261    i.ds18b20_WriteByte  ds18b20.o
    0x08002a0a   0x08002a0a   0x00000002   PAD
    0x08002a0c   0x08002a0c   0x0000001c   Code   RO            6    i.i2c_write_bytes   main.o
    0x08002a28   0x08002a28   0x00000134   Code   RO            7    i.main              main.o
    0x08002b5c   0x08002b5c   0x0000006c   Code   RO         4428    i.malloc            mc_w.l(malloc.o)
    0x08002bc8   0x08002bc8   0x00000036   Code   RO         3905    i.unicode_2_glyph_idx  oled.o
    0x08002bfe   0x08002bfe   0x00000002   PAD
    0x08002c00   0x08002c00   0x00001430   Data   RO         3906    .constdata          oled.o
    0x08004030   0x08004030   0x00000305   Data   RO         3907    .conststring        oled.o
    0x08004335   0x08004335   0x00000003   PAD
    0x08004338   0x08004338   0x00000020   Data   RO         4535    Region$$Table       anon$$obj.o


    Execution Region RW_IRAM1 (Exec base: 0x20000000, Load base: 0x08004358, Size: 0x00002060, Max: 0x00005000, ABSOLUTE)

    Exec Addr    Load Addr    Size         Type   Attr      Idx    E Section Name        Object

    0x20000000   0x08004358   0x00000014   Data   RW         2180    .data               stm32f10x_rcc.o
    0x20000014   0x0800436c   0x0000000c   Data   RW         3639    .data               delay.o
    0x20000020   0x08004378   0x00000004   Data   RW         4520    .data               mc_w.l(mvars.o)
    0x20000024   0x0800437c   0x00000004   Data   RW         4521    .data               mc_w.l(mvars.o)
    0x20000028        -       0x00000038   Zero   RW            8    .bss                main.o
    0x20000060        -       0x00001000   Zero   RW          382    HEAP                startup_stm32f10x_md.o
    0x20001060        -       0x00001000   Zero   RW          381    STACK               startup_stm32f10x_md.o


==============================================================================

Image component sizes


      Code (inc. data)   RO Data    RW Data    ZI Data      Debug   Object Name

       422         34          0         12          0       2693   delay.o
       590         42          0          0          0       6255   ds18b20.o
       396         74          0          0         56     228975   main.o
      2376         10       5941          0          0      19123   oled.o
       572         18          0          0          0       3983   si2c.o
       130          0          0          0          0       1136   spi.o
        36          8        236          0       8192        768   startup_stm32f10x_md.o
       314          0          0          0          0       4176   stm32f10x_gpio.o
        48          4          0          0          0       3550   stm32f10x_it.o
       244         26          0         20          0       3873   stm32f10x_rcc.o
       142          0          0          0          0       4330   stm32f10x_spi.o
       328         28          0          0          0     229625   system_stm32f10x.o
         0          0          0          0          0        632   usart.o
       748         28          0          0          0       3011   w25q64.o

    ----------------------------------------------------------------------
      6360        272       6212         32       8248     512130   Object Totals
         0          0         32          0          0          0   (incl. Generated)
        14          0          3          0          0          0   (incl. Padding)

    ----------------------------------------------------------------------

      Code (inc. data)   RO Data    RW Data    ZI Data      Debug   Library Member Name

       220         16          0          0          0         84   ceil.o
         0          0          0          0          0          0   entry.o
         0          0          0          0          0          0   entry10a.o
         0          0          0          0          0          0   entry11a.o
         4          0          0          0          0          0   entry12b.o
         8          4          0          0          0          0   entry2.o
         4          0          0          0          0          0   entry5.o
         0          0          0          0          0          0   entry7b.o
         0          0          0          0          0          0   entry8b.o
         8          4          0          0          0          0   entry9a.o
        30          0          0          0          0          0   handlers.o
        36          8          0          0          0         68   init.o
         0          0          0          0          0          0   iusefp.o
        30          0          0          0          0         68   llshl.o
        36          0          0          0          0         68   llsshr.o
        32          0          0          0          0         68   llushr.o
       108         16          0          0          0         84   malloc.o
        36          0          0          0          0        108   memseta.o
         0          0          0          8          0          0   mvars.o
      2232         86          0          0          0        528   printfa.o
        44          0          0          0          0         80   uidiv.o
        98          0          0          0          0         92   uldiv.o
        48          0          0          0          0         68   cdcmple.o
        48          0          0          0          0         68   cdrcmple.o
        20          0          0          0          0         68   cfrcmple.o
        56          0          0          0          0         88   d2f.o
       334          0          0          0          0        148   dadd.o
       222          0          0          0          0        100   ddiv.o
       186          0          0          0          0        176   depilogue.o
        50          0          0          0          0         76   dfixui.o
        48          0          0          0          0         68   dfixul.o
        26          0          0          0          0         76   dfltui.o
       228          0          0          0          0         96   dmul.o
        38          0          0          0          0         68   f2d.o
       176          0          0          0          0        140   fadd.o
       110          0          0          0          0        168   fepilogue.o
        40          0          0          0          0         68   ffixui.o
        10          0          0          0          0         68   ffltui.o
       100          0          0          0          0         76   fmul.o

    ----------------------------------------------------------------------
      4668        134          0          8          0       2868   Library Totals
         2          0          0          0          0          0   (incl. Padding)

    ----------------------------------------------------------------------

      Code (inc. data)   RO Data    RW Data    ZI Data      Debug   Library Name

       220         16          0          0          0         84   m_ws.l
      2706        118          0          8          0       1164   mc_w.l
      1740          0          0          0          0       1620   mf_w.l

    ----------------------------------------------------------------------
      4668        134          0          8          0       2868   Library Totals

    ----------------------------------------------------------------------

==============================================================================


      Code (inc. data)   RO Data    RW Data    ZI Data      Debug   

     11028        406       6212         40       8248     510158   Grand Totals
     11028        406       6212         40       8248     510158   ELF Image Totals
     11028        406       6212         40          0          0   ROM Totals

==============================================================================

    Total RO  Size (Code + RO Data)                17240 (  16.84kB)
    Total RW  Size (RW Data + ZI Data)              8288 (   8.09kB)
    Total ROM Size (Code + RO Data + RW Data)      17280 (  16.88kB)

==============================================================================

